Component: ARM Compiler 5.06 update 7 (build 960) Tool: armlink [4d3601]

==============================================================================

Section Cross References

    startup_stm32f103xb.o(STACK) refers (Special) to heapauxi.o(.text) for __use_two_region_memory
    startup_stm32f103xb.o(HEAP) refers (Special) to heapauxi.o(.text) for __use_two_region_memory
    startup_stm32f103xb.o(RESET) refers (Special) to heapauxi.o(.text) for __use_two_region_memory
    startup_stm32f103xb.o(RESET) refers to startup_stm32f103xb.o(STACK) for __initial_sp
    startup_stm32f103xb.o(RESET) refers to startup_stm32f103xb.o(.text) for Reset_Handler
    startup_stm32f103xb.o(RESET) refers to stm32f1xx_it.o(i.NMI_Handler) for NMI_Handler
    startup_stm32f103xb.o(RESET) refers to stm32f1xx_it.o(i.HardFault_Handler) for HardFault_Handler
    startup_stm32f103xb.o(RESET) refers to stm32f1xx_it.o(i.MemManage_Handler) for MemManage_Handler
    startup_stm32f103xb.o(RESET) refers to stm32f1xx_it.o(i.BusFault_Handler) for BusFault_Handler
    startup_stm32f103xb.o(RESET) refers to stm32f1xx_it.o(i.UsageFault_Handler) for UsageFault_Handler
    startup_stm32f103xb.o(RESET) refers to stm32f1xx_it.o(i.SVC_Handler) for SVC_Handler
    startup_stm32f103xb.o(RESET) refers to stm32f1xx_it.o(i.DebugMon_Handler) for DebugMon_Handler
    startup_stm32f103xb.o(RESET) refers to stm32f1xx_it.o(i.PendSV_Handler) for PendSV_Handler
    startup_stm32f103xb.o(RESET) refers to stm32f1xx_it.o(i.SysTick_Handler) for SysTick_Handler
    startup_stm32f103xb.o(RESET) refers to stm32f1xx_it.o(i.DMA1_Channel1_IRQHandler) for DMA1_Channel1_IRQHandler
    startup_stm32f103xb.o(RESET) refers to stm32f1xx_it.o(i.DMA1_Channel4_IRQHandler) for DMA1_Channel4_IRQHandler
    startup_stm32f103xb.o(RESET) refers to stm32f1xx_it.o(i.DMA1_Channel5_IRQHandler) for DMA1_Channel5_IRQHandler
    startup_stm32f103xb.o(RESET) refers to stm32f1xx_it.o(i.ADC1_2_IRQHandler) for ADC1_2_IRQHandler
    startup_stm32f103xb.o(RESET) refers to stm32f1xx_it.o(i.TIM1_UP_IRQHandler) for TIM1_UP_IRQHandler
    startup_stm32f103xb.o(RESET) refers to stm32f1xx_it.o(i.TIM2_IRQHandler) for TIM2_IRQHandler
    startup_stm32f103xb.o(RESET) refers to stm32f1xx_it.o(i.USART1_IRQHandler) for USART1_IRQHandler
    startup_stm32f103xb.o(.text) refers (Special) to heapauxi.o(.text) for __use_two_region_memory
    startup_stm32f103xb.o(.text) refers to system_stm32f1xx.o(i.SystemInit) for SystemInit
    startup_stm32f103xb.o(.text) refers to __main.o(!!!main) for __main
    startup_stm32f103xb.o(.text) refers to startup_stm32f103xb.o(HEAP) for Heap_Mem
    startup_stm32f103xb.o(.text) refers to startup_stm32f103xb.o(STACK) for Stack_Mem
    main.o(i.BLDC_Init) refers to flash.o(i.Flash_Read_Obj) for Flash_Read_Obj
    main.o(i.BLDC_Init) refers to dflt_clz.o(x$fpl$dfltu) for __aeabi_ui2d
    main.o(i.BLDC_Init) refers to ddiv.o(x$fpl$ddiv) for __aeabi_ddiv
    main.o(i.BLDC_Init) refers to d2f.o(x$fpl$d2f) for __aeabi_d2f
    main.o(i.BLDC_Init) refers to bldc_control.o(i.DriverInit) for DriverInit
    main.o(i.BLDC_Init) refers to main.o(.bss) for .bss
    main.o(i.BLDC_Init) refers to main.o(.data) for .data
    main.o(i.Error_Handler) refers to main.o(i.LED_ON) for LED_ON
    main.o(i.Error_Handler) refers to stm32f1xx_hal.o(i.HAL_Delay) for HAL_Delay
    main.o(i.Error_Handler) refers to main.o(i.LED_OFF) for LED_OFF
    main.o(i.HAL_TIM_PeriodElapsedCallback) refers to bldc_control.o(i.Rotate) for Rotate
    main.o(i.HAL_TIM_PeriodElapsedCallback) refers to stm32f1xx_hal_gpio.o(i.HAL_GPIO_TogglePin) for HAL_GPIO_TogglePin
    main.o(i.HAL_TIM_PeriodElapsedCallback) refers to main.o(.bss) for .bss
    main.o(i.LED_OFF) refers to stm32f1xx_hal_gpio.o(i.HAL_GPIO_WritePin) for HAL_GPIO_WritePin
    main.o(i.LED_ON) refers to stm32f1xx_hal_gpio.o(i.HAL_GPIO_WritePin) for HAL_GPIO_WritePin
    main.o(i.MX_ADC1_Init) refers to stm32f1xx_hal_adc.o(i.HAL_ADC_Init) for HAL_ADC_Init
    main.o(i.MX_ADC1_Init) refers to stm32f1xx_hal_adc.o(i.HAL_ADC_ConfigChannel) for HAL_ADC_ConfigChannel
    main.o(i.MX_ADC1_Init) refers to main.o(i.Error_Handler) for Error_Handler
    main.o(i.MX_ADC1_Init) refers to main.o(.bss) for .bss
    main.o(i.MX_GPIO_Init) refers to stm32f1xx_hal_gpio.o(i.HAL_GPIO_WritePin) for HAL_GPIO_WritePin
    main.o(i.MX_GPIO_Init) refers to stm32f1xx_hal_gpio.o(i.HAL_GPIO_Init) for HAL_GPIO_Init
    main.o(i.MX_SPI1_Init) refers to stm32f1xx_hal_spi.o(i.HAL_SPI_Init) for HAL_SPI_Init
    main.o(i.MX_SPI1_Init) refers to main.o(i.Error_Handler) for Error_Handler
    main.o(i.MX_SPI1_Init) refers to main.o(.bss) for .bss
    main.o(i.MX_SPI2_Init) refers to stm32f1xx_hal_spi.o(i.HAL_SPI_Init) for HAL_SPI_Init
    main.o(i.MX_SPI2_Init) refers to main.o(i.Error_Handler) for Error_Handler
    main.o(i.MX_SPI2_Init) refers to main.o(.bss) for .bss
    main.o(i.MX_TIM1_Init) refers to stm32f1xx_hal_tim.o(i.HAL_TIM_Base_Init) for HAL_TIM_Base_Init
[...]
    .ARM.Collect$$rtentry$$0000000C          0x08000172   Section        0  __rtentry2.o(.ARM.Collect$$rtentry$$0000000C)
    .ARM.Collect$$rtentry$$0000000D          0x08000172   Section        8  __rtentry2.o(.ARM.Collect$$rtentry$$0000000D)
    .ARM.Collect$$rtexit$$00000000           0x0800017a   Section        2  rtexit.o(.ARM.Collect$$rtexit$$00000000)
    .ARM.Collect$$rtexit$$00000002           0x0800017c   Section        0  rtexit2.o(.ARM.Collect$$rtexit$$00000002)
    .ARM.Collect$$rtexit$$00000003           0x0800017c   Section        4  rtexit2.o(.ARM.Collect$$rtexit$$00000003)
    .ARM.Collect$$rtexit$$00000004           0x08000180   Section        6  rtexit2.o(.ARM.Collect$$rtexit$$00000004)
    .text                                    0x08000188   Section       64  startup_stm32f103xb.o(.text)
    .text                                    0x080001c8   Section      100  rt_memcpy_w.o(.text)
    .text                                    0x0800022c   Section       78  rt_memclr_w.o(.text)
    .text                                    0x0800027a   Section        0  heapauxi.o(.text)
    .text                                    0x08000280   Section       74  sys_stackheap_outer.o(.text)
    .text                                    0x080002ca   Section        0  exit.o(.text)
    .text                                    0x080002dc   Section        8  libspace.o(.text)
    .text                                    0x080002e4   Section        0  sys_exit.o(.text)
    .text                                    0x080002f0   Section        2  use_no_semi.o(.text)
    .text                                    0x080002f2   Section        0  indicate_semi.o(.text)
    i.ADC1_2_IRQHandler                      0x080002f4   Section        0  stm32f1xx_it.o(i.ADC1_2_IRQHandler)
    i.ADC_ConversionStop_Disable             0x08000300   Section        0  stm32f1xx_hal_adc.o(i.ADC_ConversionStop_Disable)
    i.AS5047D_Check_Transmission_Error       0x08000354   Section        0  as5047d.o(i.AS5047D_Check_Transmission_Error)
    i.AS5047D_Get_ANGLEUNC_Value             0x08000370   Section        0  as5047d.o(i.AS5047D_Get_ANGLEUNC_Value)
    i.AS5047D_Get_True_Angle_Value           0x08000384   Section        0  as5047d.o(i.AS5047D_Get_True_Angle_Value)
    i.AS5047D_Init                           0x080003a8   Section        0  as5047d.o(i.AS5047D_Init)
    i.AS5047D_Read                           0x080003d0   Section        0  as5047d.o(i.AS5047D_Read)
    i.AS5047D_Write                          0x08000490   Section        0  as5047d.o(i.AS5047D_Write)
    i.BLDC_Init                              0x08000534   Section        0  main.o(i.BLDC_Init)
    BLDC_Init                                0x08000535   Thumb Code   144  main.o(i.BLDC_Init)
    i.BusFault_Handler                       0x080005ec   Section        0  stm32f1xx_it.o(i.BusFault_Handler)
    i.DMA1_Channel1_IRQHandler               0x080005f0   Section        0  stm32f1xx_it.o(i.DMA1_Channel1_IRQHandler)
    i.DMA1_Channel4_IRQHandler               0x080005fc   Section        0  stm32f1xx_it.o(i.DMA1_Channel4_IRQHandler)
    i.DMA1_Channel5_IRQHandler               0x08000608   Section        0  stm32f1xx_it.o(i.DMA1_Channel5_IRQHandler)
    i.DebugMon_Handler                       0x08000614   Section        0  stm32f1xx_it.o(i.DebugMon_Handler)
    i.DriverDoPwm                            0x08000616   Section        0  bldc_control.o(i.DriverDoPwm)
    i.DriverEnableAllPhase                   0x080007fc   Section        0  bldc_control.o(i.DriverEnableAllPhase)
    i.DriverInit                             0x08000806   Section        0  bldc_control.o(i.DriverInit)
    i.DriverStart                            0x08000810   Section        0  bldc_control.o(i.DriverStart)
    i.Error_Handler                          0x08000852   Section        0  main.o(i.Error_Handler)
    i.Flash_Read_Obj                         0x0800086a   Section        0  flash.o(i.Flash_Read_Obj)
    i.HAL_ADCEx_InjectedConvCpltCallback     0x08000888   Section        0  stm32f1xx_hal_adc_ex.o(i.HAL_ADCEx_InjectedConvCpltCallback)
    i.HAL_ADC_ConfigChannel                  0x0800088c   Section        0  stm32f1xx_hal_adc.o(i.HAL_ADC_ConfigChannel)
    i.HAL_ADC_ConvCpltCallback               0x08000988   Section        0  stm32f1xx_hal_adc.o(i.HAL_ADC_ConvCpltCallback)
    i.HAL_ADC_IRQHandler                     0x0800098a   Section        0  stm32f1xx_hal_adc.o(i.HAL_ADC_IRQHandler)
    i.HAL_ADC_Init                           0x08000a70   Section        0  stm32f1xx_hal_adc.o(i.HAL_ADC_Init)
    i.HAL_ADC_LevelOutOfWindowCallback       0x08000b8c   Section        0  stm32f1xx_hal_adc.o(i.HAL_ADC_LevelOutOfWindowCallback)
    i.HAL_ADC_MspInit                        0x08000b90   Section        0  stm32f1xx_hal_msp.o(i.HAL_ADC_MspInit)
    i.HAL_DMA_Abort                          0x08000c30   Section        0  stm32f1xx_hal_dma.o(i.HAL_DMA_Abort)
    i.HAL_DMA_Abort_IT                       0x08000c78   Section        0  stm32f1xx_hal_dma.o(i.HAL_DMA_Abort_IT)
    i.HAL_DMA_IRQHandler                     0x08000d10   Section        0  stm32f1xx_hal_dma.o(i.HAL_DMA_IRQHandler)
    i.HAL_DMA_Init                           0x08000e68   Section        0  stm32f1xx_hal_dma.o(i.HAL_DMA_Init)
    i.HAL_Delay                              0x08000ec4   Section        0  stm32f1xx_hal.o(i.HAL_Delay)
    i.HAL_FLASH_Lock                         0x08000ee8   Section        0  stm32f1xx_hal_flash.o(i.HAL_FLASH_Lock)
    i.HAL_GPIO_Init                          0x08000efc   Section        0  stm32f1xx_hal_gpio.o(i.HAL_GPIO_Init)
    i.HAL_GPIO_TogglePin                     0x080010c8   Section        0  stm32f1xx_hal_gpio.o(i.HAL_GPIO_TogglePin)
    i.HAL_GPIO_WritePin                      0x080010d8   Section        0  stm32f1xx_hal_gpio.o(i.HAL_GPIO_WritePin)
    i.HAL_GetTick                            0x080010e4   Section        0  stm32f1xx_hal.o(i.HAL_GetTick)
    i.HAL_IncTick                            0x080010f0   Section        0  stm32f1xx_hal.o(i.HAL_IncTick)
    i.HAL_Init                               0x08001100   Section        0  stm32f1xx_hal.o(i.HAL_Init)
    i.HAL_InitTick                           0x08001124   Section        0  stm32f1xx_hal.o(i.HAL_InitTick)
    i.HAL_MspInit                            0x08001164   Section        0  stm32f1xx_hal_msp.o(i.HAL_MspInit)
    i.HAL_NVIC_EnableIRQ                     0x080011a0   Section        0  stm32f1xx_hal_cortex.o(i.HAL_NVIC_EnableIRQ)
    i.HAL_NVIC_SetPriority                   0x080011bc   Section        0  stm32f1xx_hal_cortex.o(i.HAL_NVIC_SetPriority)
    i.HAL_NVIC_SetPriorityGrouping           0x080011fc   Section        0  stm32f1xx_hal_cortex.o(i.HAL_NVIC_SetPriorityGrouping)
    i.HAL_PCD_Init                           0x08001220   Section        0  stm32f1xx_hal_pcd.o(i.HAL_PCD_Init)
    i.HAL_PCD_MspInit                        0x080012f8   Section        0  stm32f1xx_hal_msp.o(i.HAL_PCD_MspInit)
    i.HAL_RCCEx_PeriphCLKConfig              0x08001320   Section        0  stm32f1xx_hal_rcc_ex.o(i.HAL_RCCEx_PeriphCLKConfig)
    i.HAL_RCC_ClockConfig                    0x08001408   Section        0  stm32f1xx_hal_rcc.o(i.HAL_RCC_ClockConfig)
    i.HAL_RCC_GetPCLK1Freq                   0x08001540   Section        0  stm32f1xx_hal_rcc.o(i.HAL_RCC_GetPCLK1Freq)
    i.HAL_RCC_GetPCLK2Freq                   0x08001560   Section        0  stm32f1xx_hal_rcc.o(i.HAL_RCC_GetPCLK2Freq)
    i.HAL_RCC_GetSysClockFreq                0x08001580   Section        0  stm32f1xx_hal_rcc.o(i.HAL_RCC_GetSysClockFreq)
    i.HAL_RCC_OscConfig                      0x080015ec   Section        0  stm32f1xx_hal_rcc.o(i.HAL_RCC_OscConfig)
    i.HAL_SPI_GetState                       0x08001904   Section        0  stm32f1xx_hal_spi.o(i.HAL_SPI_GetState)
    i.HAL_SPI_Init                           0x0800190a   Section        0  stm32f1xx_hal_spi.o(i.HAL_SPI_Init)
    i.HAL_SPI_MspInit                        0x080019bc   Section        0  stm32f1xx_hal_msp.o(i.HAL_SPI_MspInit)
    i.HAL_SPI_TransmitReceive                0x08001a8c   Section        0  stm32f1xx_hal_spi.o(i.HAL_SPI_TransmitReceive)
    i.HAL_SYSTICK_Config                     0x08001c66   Section        0  stm32f1xx_hal_cortex.o(i.HAL_SYSTICK_Config)
    i.HAL_TIMEx_BreakCallback                0x08001c8e   Section        0  stm32f1xx_hal_tim_ex.o(i.HAL_TIMEx_BreakCallback)
    i.HAL_TIMEx_CommutCallback               0x08001c90   Section        0  stm32f1xx_hal_tim_ex.o(i.HAL_TIMEx_CommutCallback)
    i.HAL_TIMEx_MasterConfigSynchronization  0x08001c94   Section        0  stm32f1xx_hal_tim_ex.o(i.HAL_TIMEx_MasterConfigSynchronization)
    i.HAL_TIM_Base_Init                      0x08001cfc   Section        0  stm32f1xx_hal_tim.o(i.HAL_TIM_Base_Init)
    i.HAL_TIM_Base_MspInit                   0x08001d58   Section        0  stm32f1xx_hal_msp.o(i.HAL_TIM_Base_MspInit)
    i.HAL_TIM_Base_Start_IT                  0x08001dec   Section        0  stm32f1xx_hal_tim.o(i.HAL_TIM_Base_Start_IT)
    i.HAL_TIM_ConfigClockSource              0x08001e44   Section        0  stm32f1xx_hal_tim.o(i.HAL_TIM_ConfigClockSource)
    i.HAL_TIM_IC_CaptureCallback             0x08001f1a   Section        0  stm32f1xx_hal_tim.o(i.HAL_TIM_IC_CaptureCallback)
    i.HAL_TIM_IRQHandler                     0x08001f1c   Section        0  stm32f1xx_hal_tim.o(i.HAL_TIM_IRQHandler)
    i.HAL_TIM_MspPostInit                    0x08002084   Section        0  stm32f1xx_hal_msp.o(i.HAL_TIM_MspPostInit)
    i.HAL_TIM_OC_DelayElapsedCallback        0x08002100   Section        0  stm32f1xx_hal_tim.o(i.HAL_TIM_OC_DelayElapsedCallback)
    i.HAL_TIM_PWM_ConfigChannel              0x08002102   Section        0  stm32f1xx_hal_tim.o(i.HAL_TIM_PWM_ConfigChannel)
    i.HAL_TIM_PWM_Init                       0x080021c8   Section        0  stm32f1xx_hal_tim.o(i.HAL_TIM_PWM_Init)
    i.HAL_TIM_PWM_MspInit                    0x08002222   Section        0  stm32f1xx_hal_tim.o(i.HAL_TIM_PWM_MspInit)
    i.HAL_TIM_PWM_PulseFinishedCallback      0x08002224   Section        0  stm32f1xx_hal_tim.o(i.HAL_TIM_PWM_PulseFinishedCallback)
    i.HAL_TIM_PWM_Start                      0x08002228   Section        0  stm32f1xx_hal_tim.o(i.HAL_TIM_PWM_Start)
    i.HAL_TIM_PeriodElapsedCallback          0x080022c8   Section        0  main.o(i.HAL_TIM_PeriodElapsedCallback)
    i.HAL_TIM_TriggerCallback                0x080022fc   Section        0  stm32f1xx_hal_tim.o(i.HAL_TIM_TriggerCallback)
    i.HAL_UARTEx_RxEventCallback             0x080022fe   Section        0  stm32f1xx_hal_uart.o(i.HAL_UARTEx_RxEventCallback)
    i.HAL_UART_ErrorCallback                 0x08002300   Section        0  stm32f1xx_hal_uart.o(i.HAL_UART_ErrorCallback)
    i.HAL_UART_IRQHandler                    0x08002304   Section        0  stm32f1xx_hal_uart.o(i.HAL_UART_IRQHandler)
    i.HAL_UART_Init                          0x08002510   Section        0  stm32f1xx_hal_uart.o(i.HAL_UART_Init)
    i.HAL_UART_MspInit                       0x08002574   Section        0  stm32f1xx_hal_msp.o(i.HAL_UART_MspInit)
    i.HAL_UART_RxCpltCallback                0x08002658   Section        0  stm32f1xx_hal_uart.o(i.HAL_UART_RxCpltCallback)
    i.HAL_UART_TxCpltCallback                0x0800265a   Section        0  stm32f1xx_hal_uart.o(i.HAL_UART_TxCpltCallback)
    i.HardFault_Handler                      0x0800265c   Section        0  stm32f1xx_it.o(i.HardFault_Handler)
    i.LED_OFF                                0x08002660   Section        0  main.o(i.LED_OFF)
    i.LED_ON                                 0x08002670   Section        0  main.o(i.LED_ON)
    i.MX_ADC1_Init                           0x08002680   Section        0  main.o(i.MX_ADC1_Init)
    MX_ADC1_Init                             0x08002681   Thumb Code    66  main.o(i.MX_ADC1_Init)
    i.MX_GPIO_Init                           0x080026cc   Section        0  main.o(i.MX_GPIO_Init)
    MX_GPIO_Init                             0x080026cd   Thumb Code   274  main.o(i.MX_GPIO_Init)
    i.MX_SPI1_Init                           0x080027f0   Section        0  main.o(i.MX_SPI1_Init)
    MX_SPI1_Init                             0x080027f1   Thumb Code    62  main.o(i.MX_SPI1_Init)
    i.MX_SPI2_Init                           0x08002838   Section        0  main.o(i.MX_SPI2_Init)
    MX_SPI2_Init                             0x08002839   Thumb Code    60  main.o(i.MX_SPI2_Init)
    i.MX_TIM1_Init                           0x0800287c   Section        0  main.o(i.MX_TIM1_Init)
    MX_TIM1_Init                             0x0800287d   Thumb Code    90  main.o(i.MX_TIM1_Init)
    i.MX_TIM2_Init                           0x080028e0   Section        0  main.o(i.MX_TIM2_Init)
    MX_TIM2_Init                             0x080028e1   Thumb Code    86  main.o(i.MX_TIM2_Init)
    i.MX_TIM3_Init                           0x0800293c   Section        0  main.o(i.MX_TIM3_Init)
    MX_TIM3_Init                             0x0800293d   Thumb Code   144  main.o(i.MX_TIM3_Init)
    i.MX_TIM4_Init                           0x080029d4   Section        0  main.o(i.MX_TIM4_Init)
    MX_TIM4_Init                             0x080029d5   Thumb Code   170  main.o(i.MX_TIM4_Init)
    i.MemManage_Handler                      0x08002a88   Section        0  stm32f1xx_it.o(i.MemManage_Handler)
    i.NMI_Handler                            0x08002a8a   Section        0  stm32f1xx_it.o(i.NMI_Handler)
    i.PID_Compute                            0x08002a8c   Section        0  pid.o(i.PID_Compute)
    i.PendSV_Handler                         0x08002bec   Section        0  stm32f1xx_it.o(i.PendSV_Handler)
    i.Rotate                                 0x08002bf0   Section        0  bldc_control.o(i.Rotate)
    i.SPI_EndRxTxTransaction                 0x08002cb0   Section        0  stm32f1xx_hal_spi.o(i.SPI_EndRxTxTransaction)
    SPI_EndRxTxTransaction                   0x08002cb1   Thumb Code    32  stm32f1xx_hal_spi.o(i.SPI_EndRxTxTransaction)
    i.SPI_WaitFlagStateUntilTimeout          0x08002cd0   Section        0  stm32f1xx_hal_spi.o(i.SPI_WaitFlagStateUntilTimeout)
    SPI_WaitFlagStateUntilTimeout            0x08002cd1   Thumb Code   180  stm32f1xx_hal_spi.o(i.SPI_WaitFlagStateUntilTimeout)
    i.SVC_Handler                            0x08002d88   Section        0  stm32f1xx_it.o(i.SVC_Handler)
    i.SVPWMcalc                              0x08002d8c   Section        0  bldc_control.o(i.SVPWMcalc)
    i.SysTick_Handler                        0x08002e80   Section        0  stm32f1xx_it.o(i.SysTick_Handler)
    i.SystemClock_Config                     0x08002e84   Section        0  main.o(i.SystemClock_Config)
    i.SystemInit                             0x08002ef4   Section        0  system_stm32f1xx.o(i.SystemInit)
    i.TIM1_UP_IRQHandler                     0x08002ef8   Section        0  stm32f1xx_it.o(i.TIM1_UP_IRQHandler)
    i.TIM2_IRQHandler                        0x08002f04   Section        0  stm32f1xx_it.o(i.TIM2_IRQHandler)
    i.TIM_Base_SetConfig                     0x08002f10   Section        0  stm32f1xx_hal_tim.o(i.TIM_Base_SetConfig)
    i.TIM_CCxChannelCmd                      0x08002f7c   Section        0  stm32f1xx_hal_tim.o(i.TIM_CCxChannelCmd)
    i.TIM_ETR_SetConfig                      0x08002f96   Section        0  stm32f1xx_hal_tim.o(i.TIM_ETR_SetConfig)
    i.TIM_ITRx_SetConfig                     0x08002faa   Section        0  stm32f1xx_hal_tim.o(i.TIM_ITRx_SetConfig)
    TIM_ITRx_SetConfig                       0x08002fab   Thumb Code    16  stm32f1xx_hal_tim.o(i.TIM_ITRx_SetConfig)
    i.TIM_OC1_SetConfig                      0x08002fbc   Section        0  stm32f1xx_hal_tim.o(i.TIM_OC1_SetConfig)
    TIM_OC1_SetConfig                        0x08002fbd   Thumb Code    82  stm32f1xx_hal_tim.o(i.TIM_OC1_SetConfig)
    i.TIM_OC2_SetConfig                      0x08003014   Section        0  stm32f1xx_hal_tim.o(i.TIM_OC2_SetConfig)
    i.TIM_OC3_SetConfig                      0x08003070   Section        0  stm32f1xx_hal_tim.o(i.TIM_OC3_SetConfig)
    TIM_OC3_SetConfig                        0x08003071   Thumb Code    84  stm32f1xx_hal_tim.o(i.TIM_OC3_SetConfig)
    i.TIM_OC4_SetConfig                      0x080030c8   Section        0  stm32f1xx_hal_tim.o(i.TIM_OC4_SetConfig)
    TIM_OC4_SetConfig                        0x080030c9   Thumb Code    64  stm32f1xx_hal_tim.o(i.TIM_OC4_SetConfig)
    i.TIM_TI1_ConfigInputStage               0x0800310c   Section        0  stm32f1xx_hal_tim.o(i.TIM_TI1_ConfigInputStage)
    TIM_TI1_ConfigInputStage                 0x0800310d   Thumb Code    34  stm32f1xx_hal_tim.o(i.TIM_TI1_ConfigInputStage)
    i.TIM_TI2_ConfigInputStage               0x0800312e   Section        0  stm32f1xx_hal_tim.o(i.TIM_TI2_ConfigInputStage)
    TIM_TI2_ConfigInputStage                 0x0800312f   Thumb Code    36  stm32f1xx_hal_tim.o(i.TIM_TI2_ConfigInputStage)
    i.UART_DMAAbortOnError                   0x08003152   Section        0  stm32f1xx_hal_uart.o(i.UART_DMAAbortOnError)
    UART_DMAAbortOnError                     0x08003153   Thumb Code    16  stm32f1xx_hal_uart.o(i.UART_DMAAbortOnError)
    i.UART_EndRxTransfer                     0x08003162   Section        0  stm32f1xx_hal_uart.o(i.UART_EndRxTransfer)
    UART_EndRxTransfer                       0x08003163   Thumb Code    48  stm32f1xx_hal_uart.o(i.UART_EndRxTransfer)
    i.UART_Receive_IT                        0x08003192   Section        0  stm32f1xx_hal_uart.o(i.UART_Receive_IT)
    UART_Receive_IT                          0x08003193   Thumb Code   182  stm32f1xx_hal_uart.o(i.UART_Receive_IT)
    i.UART_SetConfig                         0x08003248   Section        0  stm32f1xx_hal_uart.o(i.UART_SetConfig)
    UART_SetConfig                           0x08003249   Thumb Code   178  stm32f1xx_hal_uart.o(i.UART_SetConfig)
    i.USART1_IRQHandler                      0x08003300   Section        0  stm32f1xx_it.o(i.USART1_IRQHandler)
    i.USB_CoreInit                           0x0800330c   Section        0  stm32f1xx_ll_usb.o(i.USB_CoreInit)
    i.USB_DevDisconnect                      0x08003310   Section        0  stm32f1xx_ll_usb.o(i.USB_DevDisconnect)
    i.USB_DevInit                            0x08003314   Section        0  stm32f1xx_ll_usb.o(i.USB_DevInit)
    i.USB_DisableGlobalInt                   0x08003326   Section        0  stm32f1xx_ll_usb.o(i.USB_DisableGlobalInt)
    i.USB_SetCurrentMode                     0x08003334   Section        0  stm32f1xx_ll_usb.o(i.USB_SetCurrentMode)
    i.UsageFault_Handler                     0x08003338   Section        0  stm32f1xx_it.o(i.UsageFault_Handler)
    i.__NVIC_SetPriority                     0x0800333a   Section        0  stm32f1xx_hal_cortex.o(i.__NVIC_SetPriority)
    __NVIC_SetPriority                       0x0800333b   Thumb Code    32  stm32f1xx_hal_cortex.o(i.__NVIC_SetPriority)
    i.delayCycle                             0x0800335a   Section        0  as5047d.o(i.delayCycle)
    i.main                                   0x08003368   Section        0  main.o(i.main)
    i.parity                                 0x08003498   Section        0  as5047d.o(i.parity)
    x$fpl$d2f                                0x080034ac   Section       98  d2f.o(x$fpl$d2f)
    x$fpl$dadd                               0x08003510   Section      336  daddsub_clz.o(x$fpl$dadd)
    _dadd1                                   0x08003521   Thumb Code     0  daddsub_clz.o(x$fpl$dadd)
    x$fpl$dcheck1                            0x08003660   Section       16  dcheck1.o(x$fpl$dcheck1)
    x$fpl$ddiv                               0x08003670   Section      688  ddiv.o(x$fpl$ddiv)
    ddiv_entry                               0x08003677   Thumb Code     0  ddiv.o(x$fpl$ddiv)
    x$fpl$dfltu                              0x08003920   Section       38  dflt_clz.o(x$fpl$dfltu)
    x$fpl$dmul                               0x08003948   Section      340  dmul.o(x$fpl$dmul)
    x$fpl$dnaninf                            0x08003a9c   Section      156  dnaninf.o(x$fpl$dnaninf)
    x$fpl$dretinf                            0x08003b38   Section       12  dretinf.o(x$fpl$dretinf)
    x$fpl$dsub                               0x08003b44   Section      468  daddsub_clz.o(x$fpl$dsub)
    _dsub1                                   0x08003b55   Thumb Code     0  daddsub_clz.o(x$fpl$dsub)
    x$fpl$f2d                                0x08003d18   Section       86  f2d.o(x$fpl$f2d)
    x$fpl$fadd                               0x08003d70   Section      196  faddsub_clz.o(x$fpl$fadd)
    _fadd1                                   0x08003d7f   Thumb Code     0  faddsub_clz.o(x$fpl$fadd)
    x$fpl$fcheck1                            0x08003e34   Section       12  fcheck1.o(x$fpl$fcheck1)
    x$fpl$fcmpinf                            0x08003e40   Section       24  fcmpi.o(x$fpl$fcmpinf)
    x$fpl$fdiv                               0x08003e58   Section      388  fdiv.o(x$fpl$fdiv)
    _fdiv1                                   0x08003e59   Thumb Code     0  fdiv.o(x$fpl$fdiv)
    x$fpl$ffix                               0x08003fdc   Section       54  ffix.o(x$fpl$ffix)
    x$fpl$fflt                               0x08004014   Section       48  fflt_clz.o(x$fpl$fflt)
    x$fpl$ffltu                              0x08004044   Section       38  fflt_clz.o(x$fpl$ffltu)
    x$fpl$fleqf                              0x0800406c   Section      104  fleqf.o(x$fpl$fleqf)
    x$fpl$fmul                               0x080040d4   Section      258  fmul.o(x$fpl$fmul)
    x$fpl$fnaninf                            0x080041d6   Section      140  fnaninf.o(x$fpl$fnaninf)
    x$fpl$fretinf                            0x08004262   Section       10  fretinf.o(x$fpl$fretinf)
    x$fpl$frleqf                             0x0800426c   Section       98  frleqf.o(x$fpl$frleqf)
    x$fpl$frsb                               0x080042ce   Section       20  faddsub_clz.o(x$fpl$frsb)
    x$fpl$fsub                               0x080042e4   Section      234  faddsub_clz.o(x$fpl$fsub)
    _fsub1                                   0x080042f3   Thumb Code     0  faddsub_clz.o(x$fpl$fsub)
    x$fpl$retnan                             0x080043ce   Section      100  retnan.o(x$fpl$retnan)
    x$fpl$scalbn                             0x08004432   Section       92  scalbn.o(x$fpl$scalbn)
    x$fpl$scalbnf                            0x0800448e   Section       76  scalbnf.o(x$fpl$scalbnf)
    x$fpl$trapveneer                         0x080044da   Section       48  trapv.o(x$fpl$trapveneer)
    .constdata                               0x0800450a   Section       16  system_stm32f1xx.o(.constdata)
    x$fpl$usenofp                            0x0800450a   Section        0  usenofp.o(x$fpl$usenofp)
    .constdata                               0x0800451a   Section        8  system_stm32f1xx.o(.constdata)
    .data                                    0x20000000   Section        4  main.o(.data)
    .data                                    0x20000004   Section       12  stm32f1xx_hal.o(.data)
    .data                                    0x20000010   Section        4  system_stm32f1xx.o(.data)
    .data                                    0x20000014   Section        6  as5047d.o(.data)
    .bss                                     0x2000001c   Section     1504  main.o(.bss)
    .bss                                     0x200005fc   Section       68  main.o(.bss)
    .bss                                     0x20000640   Section       68  main.o(.bss)
    .bss                                     0x20000684   Section       68  main.o(.bss)
    .bss                                     0x200006c8   Section       96  libspace.o(.bss)
    HEAP                                     0x20000728   Section      512  startup_stm32f103xb.o(HEAP)
    Heap_Mem                                 0x20000728   Data         512  startup_stm32f103xb.o(HEAP)
    STACK                                    0x20000928   Section     1024  startup_stm32f103xb.o(STACK)
    Stack_Mem                                0x20000928   Data        1024  startup_stm32f103xb.o(STACK)
    __initial_sp                             0x20000d28   Data           0  startup_stm32f103xb.o(STACK)

    Global Symbols

    Symbol Name                              Value     Ov Type        Size  Object(Section)

    BuildAttributes$$THM_ISAv4$P$D$K$B$S$PE$A:L22UL41UL21$X:L11$S22US41US21$IEEE1$IW$USESV6$~STKCKD$USESV7$~SHL$OSPACE$ROPI$EBA8$UX$STANDARDLIB$REQ8$PRES8$EABIv2 0x00000000   Number         0  anon$$obj.o ABSOLUTE
    __ARM_use_no_argv                        0x00000000   Number         0  main.o ABSOLUTE
    __ARM_exceptions_init                     - Undefined Weak Reference
    __alloca_initialize                       - Undefined Weak Reference
    __arm_fini_                               - Undefined Weak Reference
    __arm_preinit_                            - Undefined Weak Reference
    __cpp_initialize__aeabi_                  - Undefined Weak Reference
    __cxa_finalize                            - Undefined Weak Reference
    __rt_locale                               - Undefined Weak Reference
    __sigvec_lookup                           - Undefined Weak Reference
    _atexit_init                              - Undefined Weak Reference
    _call_atexit_fns                          - Undefined Weak Reference
    _clock_init                               - Undefined Weak Reference
    _fp_trap_init                             - Undefined Weak Reference
    _fp_trap_shutdown                         - Undefined Weak Reference
    _get_lc_collate                           - Undefined Weak Reference
    _get_lc_ctype                             - Undefined Weak Reference
    _get_lc_monetary                          - Undefined Weak Reference
    _get_lc_numeric                           - Undefined Weak Reference
    _get_lc_time                              - Undefined Weak Reference
    _getenv_init                              - Undefined Weak Reference
    _handle_redirection                       - Undefined Weak Reference
    _init_alloc                               - Undefined Weak Reference
    _init_user_alloc                          - Undefined Weak Reference
    _initio                                   - Undefined Weak Reference
    _printf_post_padding                      - Undefined Weak Reference
    _printf_pre_padding                       - Undefined Weak Reference
    _printf_truncate_signed                   - Undefined Weak Reference
    _printf_truncate_unsigned                 - Undefined Weak Reference
    _rand_init                                - Undefined Weak Reference
    _signal_finish                            - Undefined Weak Reference
    _signal_init                              - Undefined Weak Reference
    _terminate_alloc                          - Undefined Weak Reference
    _terminate_user_alloc                     - Undefined Weak Reference
    _terminateio                              - Undefined Weak Reference
    __Vectors_Size                           0x000000ec   Number         0  startup_stm32f103xb.o ABSOLUTE
    __Vectors                                0x08000000   Data           4  startup_stm32f103xb.o(RESET)
    __Vectors_End                            0x080000ec   Data           0  startup_stm32f103xb.o(RESET)
    __main                                   0x080000ed   Thumb Code     8  __main.o(!!!main)
    __scatterload                            0x080000f5   Thumb Code     0  __scatter.o(!!!scatter)
    __scatterload_rt2                        0x080000f5   Thumb Code    44  __scatter.o(!!!scatter)
    __scatterload_rt2_thumb_only             0x080000f5   Thumb Code     0  __scatter.o(!!!scatter)
    __scatterload_null                       0x08000103   Thumb Code     0  __scatter.o(!!!scatter)
    __scatterload_copy                       0x08000129   Thumb Code    26  __scatter_copy.o(!!handler_copy)
    __scatterload_zeroinit                   0x08000145   Thumb Code    28  __scatter_zi.o(!!handler_zi)
    __rt_lib_init                            0x08000161   Thumb Code     0  libinit.o(.ARM.Collect$$libinit$$00000000)
    __rt_lib_init_alloca_1                   0x08000163   Thumb Code     0  libinit2.o(.ARM.Collect$$libinit$$0000002E)
    __rt_lib_init_argv_1                     0x08000163   Thumb Code     0  libinit2.o(.ARM.Collect$$libinit$$0000002C)
    __rt_lib_init_atexit_1                   0x08000163   Thumb Code     0  libinit2.o(.ARM.Collect$$libinit$$0000001B)
    __rt_lib_init_clock_1                    0x08000163   Thumb Code     0  libinit2.o(.ARM.Collect$$libinit$$00000021)
    __rt_lib_init_cpp_1                      0x08000163   Thumb Code     0  libinit2.o(.ARM.Collect$$libinit$$00000032)
    __rt_lib_init_exceptions_1               0x08000163   Thumb Code     0  libinit2.o(.ARM.Collect$$libinit$$00000030)
    __rt_lib_init_fp_1                       0x08000163   Thumb Code     0  libinit2.o(.ARM.Collect$$libinit$$00000002)
    __rt_lib_init_fp_trap_1                  0x08000163   Thumb Code     0  libinit2.o(.ARM.Collect$$libinit$$0000001F)
    __rt_lib_init_getenv_1                   0x08000163   Thumb Code     0  libinit2.o(.ARM.Collect$$libinit$$00000023)
    __rt_lib_init_heap_1                     0x08000163   Thumb Code     0  libinit2.o(.ARM.Collect$$libinit$$0000000A)
    __rt_lib_init_lc_collate_1               0x08000163   Thumb Code     0  libinit2.o(.ARM.Collect$$libinit$$00000011)
    __rt_lib_init_lc_ctype_1                 0x08000163   Thumb Code     0  libinit2.o(.ARM.Collect$$libinit$$00000013)
    __rt_lib_init_lc_monetary_1              0x08000163   Thumb Code     0  libinit2.o(.ARM.Collect$$libinit$$00000015)
    __rt_lib_init_lc_numeric_1               0x08000163   Thumb Code     0  libinit2.o(.ARM.Collect$$libinit$$00000017)
    __rt_lib_init_lc_time_1                  0x08000163   Thumb Code     0  libinit2.o(.ARM.Collect$$libinit$$00000019)
    __rt_lib_init_preinit_1                  0x08000163   Thumb Code     0  libinit2.o(.ARM.Collect$$libinit$$00000004)
    __rt_lib_init_rand_1                     0x08000163   Thumb Code     0  libinit2.o(.ARM.Collect$$libinit$$0000000E)
    __rt_lib_init_return                     0x08000163   Thumb Code     0  libinit2.o(.ARM.Collect$$libinit$$00000033)
    __rt_lib_init_signal_1                   0x08000163   Thumb Code     0  libinit2.o(.ARM.Collect$$libinit$$0000001D)
    __rt_lib_init_stdio_1                    0x08000163   Thumb Code     0  libinit2.o(.ARM.Collect$$libinit$$00000025)
    __rt_lib_init_user_alloc_1               0x08000163   Thumb Code     0  libinit2.o(.ARM.Collect$$libinit$$0000000C)
    __rt_lib_shutdown                        0x08000165   Thumb Code     0  libshutdown.o(.ARM.Collect$$libshutdown$$00000000)
    __rt_lib_shutdown_cpp_1                  0x08000167   Thumb Code     0  libshutdown2.o(.ARM.Collect$$libshutdown$$00000004)
    __rt_lib_shutdown_fini_1                 0x08000167   Thumb Code     0  libshutdown2.o(.ARM.Collect$$libshutdown$$00000002)
    __rt_lib_shutdown_fp_trap_1              0x08000167   Thumb Code     0  libshutdown2.o(.ARM.Collect$$libshutdown$$00000009)
    __rt_lib_shutdown_heap_1                 0x08000167   Thumb Code     0  libshutdown2.o(.ARM.Collect$$libshutdown$$00000011)
    __rt_lib_shutdown_return                 0x08000167   Thumb Code     0  libshutdown2.o(.ARM.Collect$$libshutdown$$00000012)
    __rt_lib_shutdown_signal_1               0x08000167   Thumb Code     0  libshutdown2.o(.ARM.Collect$$libshutdown$$0000000C)
    __rt_lib_shutdown_stdio_1                0x08000167   Thumb Code     0  libshutdown2.o(.ARM.Collect$$libshutdown$$00000006)
    __rt_lib_shutdown_user_alloc_1           0x08000167   Thumb Code     0  libshutdown2.o(.ARM.Collect$$libshutdown$$0000000E)
    __rt_entry                               0x08000169   Thumb Code     0  __rtentry.o(.ARM.Collect$$rtentry$$00000000)
    __rt_entry_presh_1                       0x08000169   Thumb Code     0  __rtentry2.o(.ARM.Collect$$rtentry$$00000002)
    __rt_entry_sh                            0x08000169   Thumb Code     0  __rtentry4.o(.ARM.Collect$$rtentry$$00000004)
    __rt_entry_li                            0x0800016f   Thumb Code     0  __rtentry2.o(.ARM.Collect$$rtentry$$0000000A)
    __rt_entry_postsh_1                      0x0800016f   Thumb Code     0  __rtentry2.o(.ARM.Collect$$rtentry$$00000009)
    __rt_entry_main                          0x08000173   Thumb Code     0  __rtentry2.o(.ARM.Collect$$rtentry$$0000000D)
    __rt_entry_postli_1                      0x08000173   Thumb Code     0  __rtentry2.o(.ARM.Collect$$rtentry$$0000000C)
    __rt_exit                                0x0800017b   Thumb Code     0  rtexit.o(.ARM.Collect$$rtexit$$00000000)
    __rt_exit_ls                             0x0800017d   Thumb Code     0  rtexit2.o(.ARM.Collect$$rtexit$$00000003)
    __rt_exit_prels_1                        0x0800017d   Thumb Code     0  rtexit2.o(.ARM.Collect$$rtexit$$00000002)
    __rt_exit_exit                           0x08000181   Thumb Code     0  rtexit2.o(.ARM.Collect$$rtexit$$00000004)
    Reset_Handler                            0x08000189   Thumb Code     8  startup_stm32f103xb.o(.text)
    CAN1_RX1_IRQHandler                      0x080001a3   Thumb Code     0  startup_stm32f103xb.o(.text)
    CAN1_SCE_IRQHandler                      0x080001a3   Thumb Code     0  startup_stm32f103xb.o(.text)
    DMA1_Channel2_IRQHandler                 0x080001a3   Thumb Code     0  startup_stm32f103xb.o(.text)
    DMA1_Channel3_IRQHandler                 0x080001a3   Thumb Code     0  startup_stm32f103xb.o(.text)
    DMA1_Channel6_IRQHandler                 0x080001a3   Thumb Code     0  startup_stm32f103xb.o(.text)
    DMA1_Channel7_IRQHandler                 0x080001a3   Thumb Code     0  startup_stm32f103xb.o(.text)
    EXTI0_IRQHandler                         0x080001a3   Thumb Code     0  startup_stm32f103xb.o(.text)
    EXTI15_10_IRQHandler                     0x080001a3   Thumb Code     0  startup_stm32f103xb.o(.text)
    EXTI1_IRQHandler                         0x080001a3   Thumb Code     0  startup_stm32f103xb.o(.text)
    EXTI2_IRQHandler                         0x080001a3   Thumb Code     0  startup_stm32f103xb.o(.text)
    EXTI3_IRQHandler                         0x080001a3   Thumb Code     0  startup_stm32f103xb.o(.text)
    EXTI4_IRQHandler                         0x080001a3   Thumb Code     0  startup_stm32f103xb.o(.text)
    EXTI9_5_IRQHandler                       0x080001a3   Thumb Code     0  startup_stm32f103xb.o(.text)
    FLASH_IRQHandler                         0x080001a3   Thumb Code     0  startup_stm32f103xb.o(.text)
    I2C1_ER_IRQHandler                       0x080001a3   Thumb Code     0  startup_stm32f103xb.o(.text)
    I2C1_EV_IRQHandler                       0x080001a3   Thumb Code     0  startup_stm32f103xb.o(.text)
    I2C2_ER_IRQHandler                       0x080001a3   Thumb Code     0  startup_stm32f103xb.o(.text)
    I2C2_EV_IRQHandler                       0x080001a3   Thumb Code     0  startup_stm32f103xb.o(.text)
    PVD_IRQHandler                           0x080001a3   Thumb Code     0  startup_stm32f103xb.o(.text)
    RCC_IRQHandler                           0x080001a3   Thumb Code     0  startup_stm32f103xb.o(.text)
    RTC_Alarm_IRQHandler                     0x080001a3   Thumb Code     0  startup_stm32f103xb.o(.text)
    RTC_IRQHandler                           0x080001a3   Thumb Code     0  startup_stm32f103xb.o(.text)
    SPI1_IRQHandler                          0x080001a3   Thumb Code     0  startup_stm32f103xb.o(.text)
    SPI2_IRQHandler                          0x080001a3   Thumb Code     0  startup_stm32f103xb.o(.text)
    TAMPER_IRQHandler                        0x080001a3   Thumb Code     0  startup_stm32f103xb.o(.text)
    TIM1_BRK_IRQHandler                      0x080001a3   Thumb Code     0  startup_stm32f103xb.o(.text)
    TIM1_CC_IRQHandler                       0x080001a3   Thumb Code     0  startup_stm32f103xb.o(.text)
    TIM1_TRG_COM_IRQHandler                  0x080001a3   Thumb Code     0  startup_stm32f103xb.o(.text)
    TIM3_IRQHandler                          0x080001a3   Thumb Code     0  startup_stm32f103xb.o(.text)
    TIM4_IRQHandler                          0x080001a3   Thumb Code     0  startup_stm32f103xb.o(.text)
    USART2_IRQHandler                        0x080001a3   Thumb Code     0  startup_stm32f103xb.o(.text)
    USART3_IRQHandler                        0x080001a3   Thumb Code     0  startup_stm32f103xb.o(.text)
    USBWakeUp_IRQHandler                     0x080001a3   Thumb Code     0  startup_stm32f103xb.o(.text)
    USB_HP_CAN1_TX_IRQHandler                0x080001a3   Thumb Code     0  startup_stm32f103xb.o(.text)
    USB_LP_CAN1_RX0_IRQHandler               0x080001a3   Thumb Code     0  startup_stm32f103xb.o(.text)
    WWDG_IRQHandler                          0x080001a3   Thumb Code     0  startup_stm32f103xb.o(.text)
    __user_initial_stackheap                 0x080001a5   Thumb Code     0  startup_stm32f103xb.o(.text)
    __aeabi_memcpy4                          0x080001c9   Thumb Code     0  rt_memcpy_w.o(.text)
    __aeabi_memcpy8                          0x080001c9   Thumb Code     0  rt_memcpy_w.o(.text)
    __rt_memcpy_w                            0x080001c9   Thumb Code   100  rt_memcpy_w.o(.text)
    _memcpy_lastbytes_aligned                0x08000211   Thumb Code     0  rt_memcpy_w.o(.text)
    __aeabi_memclr4                          0x0800022d   Thumb Code     0  rt_memclr_w.o(.text)
    __aeabi_memclr8                          0x0800022d   Thumb Code     0  rt_memclr_w.o(.text)
    __rt_memclr_w                            0x0800022d   Thumb Code    78  rt_memclr_w.o(.text)
    _memset_w                                0x08000231   Thumb Code     0  rt_memclr_w.o(.text)
    __use_two_region_memory                  0x0800027b   Thumb Code     2  heapauxi.o(.text)
    __rt_heap_escrow$2region                 0x0800027d   Thumb Code     2  heapauxi.o(.text)
    __rt_heap_expand$2region                 0x0800027f   Thumb Code     2  heapauxi.o(.text)
    __user_setup_stackheap                   0x08000281   Thumb Code    74  sys_stackheap_outer.o(.text)
    exit                                     0x080002cb   Thumb Code    18  exit.o(.text)
    __user_libspace                          0x080002dd   Thumb Code     8  libspace.o(.text)
    __user_perproc_libspace                  0x080002dd   Thumb Code     0  libspace.o(.text)
    __user_perthread_libspace                0x080002dd   Thumb Code     0  libspace.o(.text)
    _sys_exit                                0x080002e5   Thumb Code     8  sys_exit.o(.text)
    __I$use$semihosting                      0x080002f1   Thumb Code     0  use_no_semi.o(.text)
    __use_no_semihosting_swi                 0x080002f1   Thumb Code     2  use_no_semi.o(.text)
    __semihosting_library_function           0x080002f3   Thumb Code     0  indicate_semi.o(.text)
    ADC1_2_IRQHandler                        0x080002f5   Thumb Code     6  stm32f1xx_it.o(i.ADC1_2_IRQHandler)
    ADC_ConversionStop_Disable               0x08000301   Thumb Code    84  stm32f1xx_hal_adc.o(i.ADC_ConversionStop_Disable)
    AS5047D_Check_Transmission_Error         0x08000355   Thumb Code    24  as5047d.o(i.AS5047D_Check_Transmission_Error)
    AS5047D_Get_ANGLEUNC_Value               0x08000371   Thumb Code    18  as5047d.o(i.AS5047D_Get_ANGLEUNC_Value)
    AS5047D_Get_True_Angle_Value             0x08000385   Thumb Code    26  as5047d.o(i.AS5047D_Get_True_Angle_Value)
    AS5047D_Init                             0x080003a9   Thumb Code    38  as5047d.o(i.AS5047D_Init)
    AS5047D_Read                             0x080003d1   Thumb Code   186  as5047d.o(i.AS5047D_Read)
    AS5047D_Write                            0x08000491   Thumb Code   160  as5047d.o(i.AS5047D_Write)
    BusFault_Handler                         0x080005ed   Thumb Code     2  stm32f1xx_it.o(i.BusFault_Handler)
    DMA1_Channel1_IRQHandler                 0x080005f1   Thumb Code     6  stm32f1xx_it.o(i.DMA1_Channel1_IRQHandler)
    DMA1_Channel4_IRQHandler                 0x080005fd   Thumb Code     6  stm32f1xx_it.o(i.DMA1_Channel4_IRQHandler)
    DMA1_Channel5_IRQHandler                 0x08000609   Thumb Code     6  stm32f1xx_it.o(i.DMA1_Channel5_IRQHandler)
    DebugMon_Handler                         0x08000615   Thumb Code     2  stm32f1xx_it.o(i.DebugMon_Handler)
    DriverDoPwm                              0x08000617   Thumb Code   486  bldc_control.o(i.DriverDoPwm)
    DriverEnableAllPhase                     0x080007fd   Thumb Code    10  bldc_control.o(i.DriverEnableAllPhase)
    DriverInit                               0x08000807   Thumb Code    10  bldc_control.o(i.DriverInit)
    DriverStart                              0x08000811   Thumb Code    66  bldc_control.o(i.DriverStart)
    Error_Handler                            0x08000853   Thumb Code    24  main.o(i.Error_Handler)
    Flash_Read_Obj                           0x0800086b   Thumb Code    30  flash.o(i.Flash_Read_Obj)
    HAL_ADCEx_InjectedConvCpltCallback       0x08000889   Thumb Code     2  stm32f1xx_hal_adc_ex.o(i.HAL_ADCEx_InjectedConvCpltCallback)
    HAL_ADC_ConfigChannel                    0x0800088d   Thumb Code   240  stm32f1xx_hal_adc.o(i.HAL_ADC_ConfigChannel)
    HAL_ADC_ConvCpltCallback                 0x08000989   Thumb Code     2  stm32f1xx_hal_adc.o(i.HAL_ADC_ConvCpltCallback)
    HAL_ADC_IRQHandler                       0x0800098b   Thumb Code   230  stm32f1xx_hal_adc.o(i.HAL_ADC_IRQHandler)
    HAL_ADC_Init                             0x08000a71   Thumb Code   270  stm32f1xx_hal_adc.o(i.HAL_ADC_Init)
    HAL_ADC_LevelOutOfWindowCallback         0x08000b8d   Thumb Code     2  stm32f1xx_hal_adc.o(i.HAL_ADC_LevelOutOfWindowCallback)
    HAL_ADC_MspInit                          0x08000b91   Thumb Code   138  stm32f1xx_hal_msp.o(i.HAL_ADC_MspInit)
    HAL_DMA_Abort                            0x08000c31   Thumb Code    70  stm32f1xx_hal_dma.o(i.HAL_DMA_Abort)
    HAL_DMA_Abort_IT                         0x08000c79   Thumb Code   148  stm32f1xx_hal_dma.o(i.HAL_DMA_Abort_IT)
    HAL_DMA_IRQHandler                       0x08000d11   Thumb Code   320  stm32f1xx_hal_dma.o(i.HAL_DMA_IRQHandler)
    HAL_DMA_Init                             0x08000e69   Thumb Code    84  stm32f1xx_hal_dma.o(i.HAL_DMA_Init)
    HAL_Delay                                0x08000ec5   Thumb Code    32  stm32f1xx_hal.o(i.HAL_Delay)
    HAL_FLASH_Lock                           0x08000ee9   Thumb Code    14  stm32f1xx_hal_flash.o(i.HAL_FLASH_Lock)
    HAL_GPIO_Init                            0x08000efd   Thumb Code   426  stm32f1xx_hal_gpio.o(i.HAL_GPIO_Init)
    HAL_GPIO_TogglePin                       0x080010c9   Thumb Code    16  stm32f1xx_hal_gpio.o(i.HAL_GPIO_TogglePin)
    HAL_GPIO_WritePin                        0x080010d9   Thumb Code    10  stm32f1xx_hal_gpio.o(i.HAL_GPIO_WritePin)
    HAL_GetTick                              0x080010e5   Thumb Code     6  stm32f1xx_hal.o(i.HAL_GetTick)
    HAL_IncTick                              0x080010f1   Thumb Code    12  stm32f1xx_hal.o(i.HAL_IncTick)
    HAL_Init                                 0x08001101   Thumb Code    32  stm32f1xx_hal.o(i.HAL_Init)
    HAL_InitTick                             0x08001125   Thumb Code    54  stm32f1xx_hal.o(i.HAL_InitTick)
    HAL_MspInit                              0x08001165   Thumb Code    52  stm32f1xx_hal_msp.o(i.HAL_MspInit)
    HAL_NVIC_EnableIRQ                       0x080011a1   Thumb Code    26  stm32f1xx_hal_cortex.o(i.HAL_NVIC_EnableIRQ)
    HAL_NVIC_SetPriority                     0x080011bd   Thumb Code    60  stm32f1xx_hal_cortex.o(i.HAL_NVIC_SetPriority)
    HAL_NVIC_SetPriorityGrouping             0x080011fd   Thumb Code    26  stm32f1xx_hal_cortex.o(i.HAL_NVIC_SetPriorityGrouping)
    HAL_PCD_Init                             0x08001221   Thumb Code   216  stm32f1xx_hal_pcd.o(i.HAL_PCD_Init)
    HAL_PCD_MspInit                          0x080012f9   Thumb Code    30  stm32f1xx_hal_msp.o(i.HAL_PCD_MspInit)
    HAL_RCCEx_PeriphCLKConfig                0x08001321   Thumb Code   220  stm32f1xx_hal_rcc_ex.o(i.HAL_RCCEx_PeriphCLKConfig)
    HAL_RCC_ClockConfig                      0x08001409   Thumb Code   292  stm32f1xx_hal_rcc.o(i.HAL_RCC_ClockConfig)
    HAL_RCC_GetPCLK1Freq                     0x08001541   Thumb Code    20  stm32f1xx_hal_rcc.o(i.HAL_RCC_GetPCLK1Freq)
    HAL_RCC_GetPCLK2Freq                     0x08001561   Thumb Code    20  stm32f1xx_hal_rcc.o(i.HAL_RCC_GetPCLK2Freq)
    HAL_RCC_GetSysClockFreq                  0x08001581   Thumb Code    74  stm32f1xx_hal_rcc.o(i.HAL_RCC_GetSysClockFreq)
    HAL_RCC_OscConfig                        0x080015ed   Thumb Code   770  stm32f1xx_hal_rcc.o(i.HAL_RCC_OscConfig)
    HAL_SPI_GetState                         0x08001905   Thumb Code     6  stm32f1xx_hal_spi.o(i.HAL_SPI_GetState)
    HAL_SPI_Init                             0x0800190b   Thumb Code   178  stm32f1xx_hal_spi.o(i.HAL_SPI_Init)
    HAL_SPI_MspInit                          0x080019bd   Thumb Code   186  stm32f1xx_hal_msp.o(i.HAL_SPI_MspInit)
    HAL_SPI_TransmitReceive                  0x08001a8d   Thumb Code   474  stm32f1xx_hal_spi.o(i.HAL_SPI_TransmitReceive)
    HAL_SYSTICK_Config                       0x08001c67   Thumb Code    40  stm32f1xx_hal_cortex.o(i.HAL_SYSTICK_Config)
    HAL_TIMEx_BreakCallback                  0x08001c8f   Thumb Code     2  stm32f1xx_hal_tim_ex.o(i.HAL_TIMEx_BreakCallback)
    HAL_TIMEx_CommutCallback                 0x08001c91   Thumb Code     2  stm32f1xx_hal_tim_ex.o(i.HAL_TIMEx_CommutCallback)
    HAL_TIMEx_MasterConfigSynchronization    0x08001c95   Thumb Code    92  stm32f1xx_hal_tim_ex.o(i.HAL_TIMEx_MasterConfigSynchronization)
    HAL_TIM_Base_Init                        0x08001cfd   Thumb Code    90  stm32f1xx_hal_tim.o(i.HAL_TIM_Base_Init)
    HAL_TIM_Base_MspInit                     0x08001d59   Thumb Code   130  stm32f1xx_hal_msp.o(i.HAL_TIM_Base_MspInit)
    HAL_TIM_Base_Start_IT                    0x08001ded   Thumb Code    76  stm32f1xx_hal_tim.o(i.HAL_TIM_Base_Start_IT)
    HAL_TIM_ConfigClockSource                0x08001e45   Thumb Code   214  stm32f1xx_hal_tim.o(i.HAL_TIM_ConfigClockSource)
    HAL_TIM_IC_CaptureCallback               0x08001f1b   Thumb Code     2  stm32f1xx_hal_tim.o(i.HAL_TIM_IC_CaptureCallback)
    HAL_TIM_IRQHandler                       0x08001f1d   Thumb Code   358  stm32f1xx_hal_tim.o(i.HAL_TIM_IRQHandler)
    HAL_TIM_MspPostInit                      0x08002085   Thumb Code   102  stm32f1xx_hal_msp.o(i.HAL_TIM_MspPostInit)
    HAL_TIM_OC_DelayElapsedCallback          0x08002101   Thumb Code     2  stm32f1xx_hal_tim.o(i.HAL_TIM_OC_DelayElapsedCallback)
    HAL_TIM_PWM_ConfigChannel                0x08002103   Thumb Code   198  stm32f1xx_hal_tim.o(i.HAL_TIM_PWM_ConfigChannel)
    HAL_TIM_PWM_Init                         0x080021c9   Thumb Code    90  stm32f1xx_hal_tim.o(i.HAL_TIM_PWM_Init)
    HAL_TIM_PWM_MspInit                      0x08002223   Thumb Code     2  stm32f1xx_hal_tim.o(i.HAL_TIM_PWM_MspInit)
    HAL_TIM_PWM_PulseFinishedCallback        0x08002225   Thumb Code     2  stm32f1xx_hal_tim.o(i.HAL_TIM_PWM_PulseFinishedCallback)
    HAL_TIM_PWM_Start                        0x08002229   Thumb Code   148  stm32f1xx_hal_tim.o(i.HAL_TIM_PWM_Start)
    HAL_TIM_PeriodElapsedCallback            0x080022c9   Thumb Code    40  main.o(i.HAL_TIM_PeriodElapsedCallback)
    HAL_TIM_TriggerCallback                  0x080022fd   Thumb Code     2  stm32f1xx_hal_tim.o(i.HAL_TIM_TriggerCallback)
    HAL_UARTEx_RxEventCallback               0x080022ff   Thumb Code     2  stm32f1xx_hal_uart.o(i.HAL_UARTEx_RxEventCallback)
    HAL_UART_ErrorCallback                   0x08002301   Thumb Code     2  stm32f1xx_hal_uart.o(i.HAL_UART_ErrorCallback)
    HAL_UART_IRQHandler                      0x08002305   Thumb Code   520  stm32f1xx_hal_uart.o(i.HAL_UART_IRQHandler)
    HAL_UART_Init                            0x08002511   Thumb Code    98  stm32f1xx_hal_uart.o(i.HAL_UART_Init)
    HAL_UART_MspInit                         0x08002575   Thumb Code   204  stm32f1xx_hal_msp.o(i.HAL_UART_MspInit)
    HAL_UART_RxCpltCallback                  0x08002659   Thumb Code     2  stm32f1xx_hal_uart.o(i.HAL_UART_RxCpltCallback)
    HAL_UART_TxCpltCallback                  0x0800265b   Thumb Code     2  stm32f1xx_hal_uart.o(i.HAL_UART_TxCpltCallback)
    HardFault_Handler                        0x0800265d   Thumb Code     2  stm32f1xx_it.o(i.HardFault_Handler)
    LED_OFF                                  0x08002661   Thumb Code    10  main.o(i.LED_OFF)
    LED_ON                                   0x08002671   Thumb Code    12  main.o(i.LED_ON)
    MemManage_Handler                        0x08002a89   Thumb Code     2  stm32f1xx_it.o(i.MemManage_Handler)
    NMI_Handler                              0x08002a8b   Thumb Code     2  stm32f1xx_it.o(i.NMI_Handler)
    PID_Compute                              0x08002a8d   Thumb Code   332  pid.o(i.PID_Compute)
    PendSV_Handler                           0x08002bed   Thumb Code     2  stm32f1xx_it.o(i.PendSV_Handler)
    Rotate                                   0x08002bf1   Thumb Code   180  bldc_control.o(i.Rotate)
    SVC_Handler                              0x08002d89   Thumb Code     2  stm32f1xx_it.o(i.SVC_Handler)
    SVPWMcalc                                0x08002d8d   Thumb Code   218  bldc_control.o(i.SVPWMcalc)
    SysTick_Handler                          0x08002e81   Thumb Code     4  stm32f1xx_it.o(i.SysTick_Handler)
    SystemClock_Config                       0x08002e85   Thumb Code   112  main.o(i.SystemClock_Config)
    SystemInit                               0x08002ef5   Thumb Code     2  system_stm32f1xx.o(i.SystemInit)
    TIM1_UP_IRQHandler                       0x08002ef9   Thumb Code     6  stm32f1xx_it.o(i.TIM1_UP_IRQHandler)
    TIM2_IRQHandler                          0x08002f05   Thumb Code     6  stm32f1xx_it.o(i.TIM2_IRQHandler)
    TIM_Base_SetConfig                       0x08002f11   Thumb Code    94  stm32f1xx_hal_tim.o(i.TIM_Base_SetConfig)
    TIM_CCxChannelCmd                        0x08002f7d   Thumb Code    26  stm32f1xx_hal_tim.o(i.TIM_CCxChannelCmd)
    TIM_ETR_SetConfig                        0x08002f97   Thumb Code    20  stm32f1xx_hal_tim.o(i.TIM_ETR_SetConfig)
    TIM_OC2_SetConfig                        0x08003015   Thumb Code    86  stm32f1xx_hal_tim.o(i.TIM_OC2_SetConfig)
    USART1_IRQHandler                        0x08003301   Thumb Code     6  stm32f1xx_it.o(i.USART1_IRQHandler)
    USB_CoreInit                             0x0800330d   Thumb Code     4  stm32f1xx_ll_usb.o(i.USB_CoreInit)
    USB_DevDisconnect                        0x08003311   Thumb Code     4  stm32f1xx_ll_usb.o(i.USB_DevDisconnect)
    USB_DevInit                              0x08003315   Thumb Code    18  stm32f1xx_ll_usb.o(i.USB_DevInit)
    USB_DisableGlobalInt                     0x08003327   Thumb Code    14  stm32f1xx_ll_usb.o(i.USB_DisableGlobalInt)
    USB_SetCurrentMode                       0x08003335   Thumb Code     4  stm32f1xx_ll_usb.o(i.USB_SetCurrentMode)
    UsageFault_Handler                       0x08003339   Thumb Code     2  stm32f1xx_it.o(i.UsageFault_Handler)
    delayCycle                               0x0800335b   Thumb Code    14  as5047d.o(i.delayCycle)
    main                                     0x08003369   Thumb Code   270  main.o(i.main)
    parity                                   0x08003499   Thumb Code    18  as5047d.o(i.parity)
    __aeabi_d2f                              0x080034ad   Thumb Code     0  d2f.o(x$fpl$d2f)
    _d2f                                     0x080034ad   Thumb Code    98  d2f.o(x$fpl$d2f)
    __aeabi_dadd                             0x08003511   Thumb Code     0  daddsub_clz.o(x$fpl$dadd)
    _dadd                                    0x08003511   Thumb Code   332  daddsub_clz.o(x$fpl$dadd)
    __fpl_dcheck_NaN1                        0x08003661   Thumb Code    10  dcheck1.o(x$fpl$dcheck1)
    __aeabi_ddiv                             0x08003671   Thumb Code     0  ddiv.o(x$fpl$ddiv)
    _ddiv                                    0x08003671   Thumb Code   552  ddiv.o(x$fpl$ddiv)
    __aeabi_ui2d                             0x08003921   Thumb Code     0  dflt_clz.o(x$fpl$dfltu)
    _dfltu                                   0x08003921   Thumb Code    38  dflt_clz.o(x$fpl$dfltu)
    __aeabi_dmul                             0x08003949   Thumb Code     0  dmul.o(x$fpl$dmul)
    _dmul                                    0x08003949   Thumb Code   332  dmul.o(x$fpl$dmul)
    __fpl_dnaninf                            0x08003a9d   Thumb Code   156  dnaninf.o(x$fpl$dnaninf)
    __fpl_dretinf                            0x08003b39   Thumb Code    12  dretinf.o(x$fpl$dretinf)
    __aeabi_dsub                             0x08003b45   Thumb Code     0  daddsub_clz.o(x$fpl$dsub)
    _dsub                                    0x08003b45   Thumb Code   464  daddsub_clz.o(x$fpl$dsub)
    __aeabi_f2d                              0x08003d19   Thumb Code     0  f2d.o(x$fpl$f2d)
    _f2d                                     0x08003d19   Thumb Code    86  f2d.o(x$fpl$f2d)
    __aeabi_fadd                             0x08003d71   Thumb Code     0  faddsub_clz.o(x$fpl$fadd)
    _fadd                                    0x08003d71   Thumb Code   196  faddsub_clz.o(x$fpl$fadd)
    __fpl_fcheck_NaN1                        0x08003e35   Thumb Code     6  fcheck1.o(x$fpl$fcheck1)
    __fpl_fcmp_Inf                           0x08003e41   Thumb Code    24  fcmpi.o(x$fpl$fcmpinf)
    __aeabi_fdiv                             0x08003e59   Thumb Code     0  fdiv.o(x$fpl$fdiv)
    _fdiv                                    0x08003e59   Thumb Code   384  fdiv.o(x$fpl$fdiv)
    __aeabi_f2iz                             0x08003fdd   Thumb Code     0  ffix.o(x$fpl$ffix)
    _ffix                                    0x08003fdd   Thumb Code    54  ffix.o(x$fpl$ffix)
    __aeabi_i2f                              0x08004015   Thumb Code     0  fflt_clz.o(x$fpl$fflt)
    _fflt                                    0x08004015   Thumb Code    48  fflt_clz.o(x$fpl$fflt)
    __aeabi_ui2f                             0x08004045   Thumb Code     0  fflt_clz.o(x$fpl$ffltu)
    _ffltu                                   0x08004045   Thumb Code    38  fflt_clz.o(x$fpl$ffltu)
    __aeabi_cfcmple                          0x0800406d   Thumb Code     0  fleqf.o(x$fpl$fleqf)
    _fcmple                                  0x0800406d   Thumb Code   104  fleqf.o(x$fpl$fleqf)
    __fpl_fcmple_InfNaN                      0x080040bf   Thumb Code     0  fleqf.o(x$fpl$fleqf)
    __aeabi_fmul                             0x080040d5   Thumb Code     0  fmul.o(x$fpl$fmul)
    _fmul                                    0x080040d5   Thumb Code   258  fmul.o(x$fpl$fmul)
    __fpl_fnaninf                            0x080041d7   Thumb Code   140  fnaninf.o(x$fpl$fnaninf)
    __fpl_fretinf                            0x08004263   Thumb Code    10  fretinf.o(x$fpl$fretinf)
    __aeabi_cfrcmple                         0x0800426d   Thumb Code     0  frleqf.o(x$fpl$frleqf)
    _frcmple                                 0x0800426d   Thumb Code    98  frleqf.o(x$fpl$frleqf)
    __aeabi_frsub                            0x080042cf   Thumb Code     0  faddsub_clz.o(x$fpl$frsb)
    _frsb                                    0x080042cf   Thumb Code    20  faddsub_clz.o(x$fpl$frsb)
    __aeabi_fsub                             0x080042e5   Thumb Code     0  faddsub_clz.o(x$fpl$fsub)
    _fsub                                    0x080042e5   Thumb Code   234  faddsub_clz.o(x$fpl$fsub)
    __fpl_return_NaN                         0x080043cf   Thumb Code   100  retnan.o(x$fpl$retnan)
    __ARM_scalbn                             0x08004433   Thumb Code    92  scalbn.o(x$fpl$scalbn)
    __ARM_scalbnf                            0x0800448f   Thumb Code    76  scalbnf.o(x$fpl$scalbnf)
    __fpl_cmpreturn                          0x080044db   Thumb Code    48  trapv.o(x$fpl$trapveneer)
    AHBPrescTable                            0x0800450a   Data          16  system_stm32f1xx.o(.constdata)
    __I$use$fp                               0x0800450a   Number         0  usenofp.o(x$fpl$usenofp)
    APBPrescTable                            0x0800451a   Data           8  system_stm32f1xx.o(.constdata)
    Region$$Table$$Base                      0x08004524   Number         0  anon$$obj.o(Region$$Table)
    Region$$Table$$Limit                     0x08004544   Number         0  anon$$obj.o(Region$$Table)
    setAngle                                 0x20000000   Data           4  main.o(.data)
    uwTickFreq                               0x20000004   Data           1  stm32f1xx_hal.o(.data)
    uwTickPrio                               0x20000008   Data           4  stm32f1xx_hal.o(.data)
    uwTick                                   0x2000000c   Data           4  stm32f1xx_hal.o(.data)
    SystemCoreClock                          0x20000010   Data           4  system_stm32f1xx.o(.data)
    _rxData                                  0x20000014   Data           2  as5047d.o(.data)
    err_code                                 0x20000016   Data           2  as5047d.o(.data)
    _txData                                  0x20000018   Data           2  as5047d.o(.data)
    Mag_ss                                   0x2000001c   Data          12  main.o(.bss)
    bldc                                     0x20000028   Data         164  main.o(.bss)
    hadc1                                    0x200000cc   Data          48  main.o(.bss)
    hspi1                                    0x200000fc   Data          88  main.o(.bss)
    hspi2                                    0x20000154   Data          88  main.o(.bss)
    htim1                                    0x200001ac   Data          72  main.o(.bss)
    htim2                                    0x200001f4   Data          72  main.o(.bss)
    htim3                                    0x2000023c   Data          72  main.o(.bss)
    htim4                                    0x20000284   Data          72  main.o(.bss)
    huart1                                   0x200002cc   Data          68  main.o(.bss)
    hpcd_USB_FS                              0x20000310   Data         748  main.o(.bss)
    hdma_adc1                                0x200005fc   Data          68  main.o(.bss)
    hdma_usart1_tx                           0x20000640   Data          68  main.o(.bss)
    hdma_usart1_rx                           0x20000684   Data          68  main.o(.bss)
    __libspace_start                         0x200006c8   Data          96  libspace.o(.bss)
    __temporary_stack_top$libspace           0x20000728   Data           0  libspace.o(.bss)



==============================================================================

Memory Map of the image

  Image Entry point : 0x080000ed

  Load Region LR_IROM1 (Base: 0x08000000, Size: 0x00004560, Max: 0x00010000, ABSOLUTE)

    Execution Region ER_IROM1 (Exec base: 0x08000000, Load base: 0x08000000, Size: 0x00004544, Max: 0x00010000, ABSOLUTE)

    Exec Addr    Load Addr    Size         Type   Attr      Idx    E Section Name        Object

    0x08000000   0x08000000   0x000000ec   Data   RO            3    RESET               startup_stm32f103xb.o
    0x080000ec   0x080000ec   0x00000008   Code   RO         4251  * !!!main             c_w.l(__main.o)
    0x080000f4   0x080000f4   0x00000034   Code   RO         4494    !!!scatter          c_w.l(__scatter.o)
    0x08000128   0x08000128   0x0000001a   Code   RO         4496    !!handler_copy      c_w.l(__scatter_copy.o)
    0x08000142   0x08000142   0x00000002   PAD
    0x08000144   0x08000144   0x0000001c   Code   RO         4498    !!handler_zi        c_w.l(__scatter_zi.o)
    0x08000160   0x08000160   0x00000002   Code   RO         4360    .ARM.Collect$$libinit$$00000000  c_w.l(libinit.o)
    0x08000162   0x08000162   0x00000000   Code   RO         4369    .ARM.Collect$$libinit$$00000002  c_w.l(libinit2.o)
    0x08000162   0x08000162   0x00000000   Code   RO         4371    .ARM.Collect$$libinit$$00000004  c_w.l(libinit2.o)
    0x08000162   0x08000162   0x00000000   Code   RO         4374    .ARM.Collect$$libinit$$0000000A  c_w.l(libinit2.o)
    0x08000162   0x08000162   0x00000000   Code   RO         4376    .ARM.Collect$$libinit$$0000000C  c_w.l(libinit2.o)
    0x08000162   0x08000162   0x00000000   Code   RO         4378    .ARM.Collect$$libinit$$0000000E  c_w.l(libinit2.o)
    0x08000162   0x08000162   0x00000000   Code   RO         4381    .ARM.Collect$$libinit$$00000011  c_w.l(libinit2.o)
    0x08000162   0x08000162   0x00000000   Code   RO         4383    .ARM.Collect$$libinit$$00000013  c_w.l(libinit2.o)
    0x08000162   0x08000162   0x00000000   Code   RO         4385    .ARM.Collect$$libinit$$00000015  c_w.l(libinit2.o)
    0x08000162   0x08000162   0x00000000   Code   RO         4387    .ARM.Collect$$libinit$$00000017  c_w.l(libinit2.o)
    0x08000162   0x08000162   0x00000000   Code   RO         4389    .ARM.Collect$$libinit$$00000019  c_w.l(libinit2.o)
    0x08000162   0x08000162   0x00000000   Code   RO         4391    .ARM.Collect$$libinit$$0000001B  c_w.l(libinit2.o)
    0x08000162   0x08000162   0x00000000   Code   RO         4393    .ARM.Collect$$libinit$$0000001D  c_w.l(libinit2.o)
    0x08000162   0x08000162   0x00000000   Code   RO         4395    .ARM.Collect$$libinit$$0000001F  c_w.l(libinit2.o)
    0x08000162   0x08000162   0x00000000   Code   RO         4397    .ARM.Collect$$libinit$$00000021  c_w.l(libinit2.o)
    0x08000162   0x08000162   0x00000000   Code   RO         4399    .ARM.Collect$$libinit$$00000023  c_w.l(libinit2.o)
    0x08000162   0x08000162   0x00000000   Code   RO         4401    .ARM.Collect$$libinit$$00000025  c_w.l(libinit2.o)
    0x08000162   0x08000162   0x00000000   Code   RO         4405    .ARM.Collect$$libinit$$0000002C  c_w.l(libinit2.o)
    0x08000162   0x08000162   0x00000000   Code   RO         4407    .ARM.Collect$$libinit$$0000002E  c_w.l(libinit2.o)
    0x08000162   0x08000162   0x00000000   Code   RO         4409    .ARM.Collect$$libinit$$00000030  c_w.l(libinit2.o)
    0x08000162   0x08000162   0x00000000   Code   RO         4411    .ARM.Collect$$libinit$$00000032  c_w.l(libinit2.o)
    0x08000162   0x08000162   0x00000002   Code   RO         4412    .ARM.Collect$$libinit$$00000033  c_w.l(libinit2.o)
    0x08000164   0x08000164   0x00000002   Code   RO         4432    .ARM.Collect$$libshutdown$$00000000  c_w.l(libshutdown.o)
    0x08000166   0x08000166   0x00000000   Code   RO         4445    .ARM.Collect$$libshutdown$$00000002  c_w.l(libshutdown2.o)
    0x08000166   0x08000166   0x00000000   Code   RO         4447    .ARM.Collect$$libshutdown$$00000004  c_w.l(libshutdown2.o)
    0x08000166   0x08000166   0x00000000   Code   RO         4449    .ARM.Collect$$libshutdown$$00000006  c_w.l(libshutdown2.o)
    0x08000166   0x08000166   0x00000000   Code   RO         4452    .ARM.Collect$$libshutdown$$00000009  c_w.l(libshutdown2.o)
    0x08000166   0x08000166   0x00000000   Code   RO         4455    .ARM.Collect$$libshutdown$$0000000C  c_w.l(libshutdown2.o)
    0x08000166   0x08000166   0x00000000   Code   RO         4457    .ARM.Collect$$libshutdown$$0000000E  c_w.l(libshutdown2.o)
    0x08000166   0x08000166   0x00000000   Code   RO         4460    .ARM.Collect$$libshutdown$$00000011  c_w.l(libshutdown2.o)
    0x08000166   0x08000166   0x00000002   Code   RO         4461    .ARM.Collect$$libshutdown$$00000012  c_w.l(libshutdown2.o)
    0x08000168   0x08000168   0x00000000   Code   RO         4309    .ARM.Collect$$rtentry$$00000000  c_w.l(__rtentry.o)
    0x08000168   0x08000168   0x00000000   Code   RO         4333    .ARM.Collect$$rtentry$$00000002  c_w.l(__rtentry2.o)
    0x08000168   0x08000168   0x00000006   Code   RO         4345    .ARM.Collect$$rtentry$$00000004  c_w.l(__rtentry4.o)
    0x0800016e   0x0800016e   0x00000000   Code   RO         4335    .ARM.Collect$$rtentry$$00000009  c_w.l(__rtentry2.o)
    0x0800016e   0x0800016e   0x00000004   Code   RO         4336    .ARM.Collect$$rtentry$$0000000A  c_w.l(__rtentry2.o)
    0x08000172   0x08000172   0x00000000   Code   RO         4338    .ARM.Collect$$rtentry$$0000000C  c_w.l(__rtentry2.o)
    0x08000172   0x08000172   0x00000008   Code   RO         4339    .ARM.Collect$$rtentry$$0000000D  c_w.l(__rtentry2.o)
    0x0800017a   0x0800017a   0x00000002   Code   RO         4366    .ARM.Collect$$rtexit$$00000000  c_w.l(rtexit.o)
    0x0800017c   0x0800017c   0x00000000   Code   RO         4414    .ARM.Collect$$rtexit$$00000002  c_w.l(rtexit2.o)
    0x0800017c   0x0800017c   0x00000004   Code   RO         4415    .ARM.Collect$$rtexit$$00000003  c_w.l(rtexit2.o)
    0x08000180   0x08000180   0x00000006   Code   RO         4416    .ARM.Collect$$rtexit$$00000004  c_w.l(rtexit2.o)
    0x08000186   0x08000186   0x00000002   PAD
    0x08000188   0x08000188   0x00000040   Code   RO            4    .text               startup_stm32f103xb.o
    0x080001c8   0x080001c8   0x00000064   Code   RO         4245    .text               c_w.l(rt_memcpy_w.o)
    0x0800022c   0x0800022c   0x0000004e   Code   RO         4247    .text               c_w.l(rt_memclr_w.o)
    0x0800027a   0x0800027a   0x00000006   Code   RO         4249    .text               c_w.l(heapauxi.o)
    0x08000280   0x08000280   0x0000004a   Code   RO         4351    .text               c_w.l(sys_stackheap_outer.o)
    0x080002ca   0x080002ca   0x00000012   Code   RO         4353    .text               c_w.l(exit.o)
    0x080002dc   0x080002dc   0x00000008   Code   RO         4363    .text               c_w.l(libspace.o)
    0x080002e4   0x080002e4   0x0000000c   Code   RO         4424    .text               c_w.l(sys_exit.o)
    0x080002f0   0x080002f0   0x00000002   Code   RO         4435    .text               c_w.l(use_no_semi.o)
    0x080002f2   0x080002f2   0x00000000   Code   RO         4437    .text               c_w.l(indicate_semi.o)
    0x080002f2   0x080002f2   0x00000002   PAD
    0x080002f4   0x080002f4   0x0000000c   Code   RO          255    i.ADC1_2_IRQHandler  stm32f1xx_it.o
    0x08000300   0x08000300   0x00000054   Code   RO          500    i.ADC_ConversionStop_Disable  stm32f1xx_hal_adc.o
    0x08000354   0x08000354   0x0000001c   Code   RO         3894    i.AS5047D_Check_Transmission_Error  as5047d.o
    0x08000370   0x08000370   0x00000012   Code   RO         3898    i.AS5047D_Get_ANGLEUNC_Value  as5047d.o
    0x08000382   0x08000382   0x00000002   PAD
    0x08000384   0x08000384   0x00000024   Code   RO         3900    i.AS5047D_Get_True_Angle_Value  as5047d.o
    0x080003a8   0x080003a8   0x00000026   Code   RO         3901    i.AS5047D_Init      as5047d.o
    0x080003ce   0x080003ce   0x00000002   PAD
    0x080003d0   0x080003d0   0x000000c0   Code   RO         3902    i.AS5047D_Read      as5047d.o
    0x08000490   0x08000490   0x000000a4   Code   RO         3904    i.AS5047D_Write     as5047d.o
    0x08000534   0x08000534   0x000000b8   Code   RO           13    i.BLDC_Init         main.o
    0x080005ec   0x080005ec   0x00000002   Code   RO          256    i.BusFault_Handler  stm32f1xx_it.o
    0x080005ee   0x080005ee   0x00000002   PAD
    0x080005f0   0x080005f0   0x0000000c   Code   RO          257    i.DMA1_Channel1_IRQHandler  stm32f1xx_it.o
    0x080005fc   0x080005fc   0x0000000c   Code   RO          258    i.DMA1_Channel4_IRQHandler  stm32f1xx_it.o
    0x08000608   0x08000608   0x0000000c   Code   RO          259    i.DMA1_Channel5_IRQHandler  stm32f1xx_it.o
    0x08000614   0x08000614   0x00000002   Code   RO          260    i.DebugMon_Handler  stm32f1xx_it.o
    0x08000616   0x08000616   0x000001e6   Code   RO         3999    i.DriverDoPwm       bldc_control.o
    0x080007fc   0x080007fc   0x0000000a   Code   RO         4000    i.DriverEnableAllPhase  bldc_control.o
    0x08000806   0x08000806   0x0000000a   Code   RO         4001    i.DriverInit        bldc_control.o
    0x08000810   0x08000810   0x00000042   Code   RO         4002    i.DriverStart       bldc_control.o
    0x08000852   0x08000852   0x00000018   Code   RO           14    i.Error_Handler     main.o
    0x0800086a   0x0800086a   0x0000001e   Code   RO         4109    i.Flash_Read_Obj    flash.o
    0x08000888   0x08000888   0x00000002   Code   RO          682    i.HAL_ADCEx_InjectedConvCpltCallback  stm32f1xx_hal_adc_ex.o
    0x0800088a   0x0800088a   0x00000002   PAD
    0x0800088c   0x0800088c   0x000000fc   Code   RO          506    i.HAL_ADC_ConfigChannel  stm32f1xx_hal_adc.o
    0x08000988   0x08000988   0x00000002   Code   RO          507    i.HAL_ADC_ConvCpltCallback  stm32f1xx_hal_adc.o
    0x0800098a   0x0800098a   0x000000e6   Code   RO          514    i.HAL_ADC_IRQHandler  stm32f1xx_hal_adc.o
    0x08000a70   0x08000a70   0x0000011c   Code   RO          515    i.HAL_ADC_Init      stm32f1xx_hal_adc.o
    0x08000b8c   0x08000b8c   0x00000002   Code   RO          516    i.HAL_ADC_LevelOutOfWindowCallback  stm32f1xx_hal_adc.o
    0x08000b8e   0x08000b8e   0x00000002   PAD
    0x08000b90   0x08000b90   0x000000a0   Code   RO          374    i.HAL_ADC_MspInit   stm32f1xx_hal_msp.o
    0x08000c30   0x08000c30   0x00000046   Code   RO         1155    i.HAL_DMA_Abort     stm32f1xx_hal_dma.o
    0x08000c76   0x08000c76   0x00000002   PAD
    0x08000c78   0x08000c78   0x00000098   Code   RO         1156    i.HAL_DMA_Abort_IT  stm32f1xx_hal_dma.o
    0x08000d10   0x08000d10   0x00000158   Code   RO         1160    i.HAL_DMA_IRQHandler  stm32f1xx_hal_dma.o
    0x08000e68   0x08000e68   0x0000005c   Code   RO         1161    i.HAL_DMA_Init      stm32f1xx_hal_dma.o
    0x08000ec4   0x08000ec4   0x00000024   Code   RO          783    i.HAL_Delay         stm32f1xx_hal.o
    0x08000ee8   0x08000ee8   0x00000014   Code   RO         1497    i.HAL_FLASH_Lock    stm32f1xx_hal_flash.o
    0x08000efc   0x08000efc   0x000001cc   Code   RO         1091    i.HAL_GPIO_Init     stm32f1xx_hal_gpio.o
    0x080010c8   0x080010c8   0x00000010   Code   RO         1094    i.HAL_GPIO_TogglePin  stm32f1xx_hal_gpio.o
    0x080010d8   0x080010d8   0x0000000a   Code   RO         1095    i.HAL_GPIO_WritePin  stm32f1xx_hal_gpio.o
    0x080010e2   0x080010e2   0x00000002   PAD
    0x080010e4   0x080010e4   0x0000000c   Code   RO          787    i.HAL_GetTick       stm32f1xx_hal.o
    0x080010f0   0x080010f0   0x00000010   Code   RO          793    i.HAL_IncTick       stm32f1xx_hal.o
    0x08001100   0x08001100   0x00000024   Code   RO          794    i.HAL_Init          stm32f1xx_hal.o
    0x08001124   0x08001124   0x00000040   Code   RO          795    i.HAL_InitTick      stm32f1xx_hal.o
    0x08001164   0x08001164   0x0000003c   Code   RO          375    i.HAL_MspInit       stm32f1xx_hal_msp.o
    0x080011a0   0x080011a0   0x0000001a   Code   RO         1251    i.HAL_NVIC_EnableIRQ  stm32f1xx_hal_cortex.o
    0x080011ba   0x080011ba   0x00000002   PAD
    0x080011bc   0x080011bc   0x00000040   Code   RO         1257    i.HAL_NVIC_SetPriority  stm32f1xx_hal_cortex.o
    0x080011fc   0x080011fc   0x00000024   Code   RO         1258    i.HAL_NVIC_SetPriorityGrouping  stm32f1xx_hal_cortex.o
    0x08001220   0x08001220   0x000000d8   Code   RO         3426    i.HAL_PCD_Init      stm32f1xx_hal_pcd.o
    0x080012f8   0x080012f8   0x00000028   Code   RO          377    i.HAL_PCD_MspInit   stm32f1xx_hal_msp.o
    0x08001320   0x08001320   0x000000e8   Code   RO         1054    i.HAL_RCCEx_PeriphCLKConfig  stm32f1xx_hal_rcc_ex.o
    0x08001408   0x08001408   0x00000138   Code   RO          951    i.HAL_RCC_ClockConfig  stm32f1xx_hal_rcc.o
    0x08001540   0x08001540   0x00000020   Code   RO          958    i.HAL_RCC_GetPCLK1Freq  stm32f1xx_hal_rcc.o
    0x08001560   0x08001560   0x00000020   Code   RO          959    i.HAL_RCC_GetPCLK2Freq  stm32f1xx_hal_rcc.o
    0x08001580   0x08001580   0x0000006c   Code   RO          960    i.HAL_RCC_GetSysClockFreq  stm32f1xx_hal_rcc.o
    0x080015ec   0x080015ec   0x00000318   Code   RO          963    i.HAL_RCC_OscConfig  stm32f1xx_hal_rcc.o
    0x08001904   0x08001904   0x00000006   Code   RO         1760    i.HAL_SPI_GetState  stm32f1xx_hal_spi.o
    0x0800190a   0x0800190a   0x000000b2   Code   RO         1762    i.HAL_SPI_Init      stm32f1xx_hal_spi.o
    0x080019bc   0x080019bc   0x000000d0   Code   RO          379    i.HAL_SPI_MspInit   stm32f1xx_hal_msp.o
    0x08001a8c   0x08001a8c   0x000001da   Code   RO         1771    i.HAL_SPI_TransmitReceive  stm32f1xx_hal_spi.o
    0x08001c66   0x08001c66   0x00000028   Code   RO         1262    i.HAL_SYSTICK_Config  stm32f1xx_hal_cortex.o
    0x08001c8e   0x08001c8e   0x00000002   Code   RO         2779    i.HAL_TIMEx_BreakCallback  stm32f1xx_hal_tim_ex.o
    0x08001c90   0x08001c90   0x00000002   Code   RO         2780    i.HAL_TIMEx_CommutCallback  stm32f1xx_hal_tim_ex.o
    0x08001c92   0x08001c92   0x00000002   PAD
    0x08001c94   0x08001c94   0x00000068   Code   RO         2798    i.HAL_TIMEx_MasterConfigSynchronization  stm32f1xx_hal_tim_ex.o
    0x08001cfc   0x08001cfc   0x0000005a   Code   RO         2075    i.HAL_TIM_Base_Init  stm32f1xx_hal_tim.o
    0x08001d56   0x08001d56   0x00000002   PAD
    0x08001d58   0x08001d58   0x00000094   Code   RO          381    i.HAL_TIM_Base_MspInit  stm32f1xx_hal_msp.o
    0x08001dec   0x08001dec   0x00000058   Code   RO         2080    i.HAL_TIM_Base_Start_IT  stm32f1xx_hal_tim.o
    0x08001e44   0x08001e44   0x000000d6   Code   RO         2084    i.HAL_TIM_ConfigClockSource  stm32f1xx_hal_tim.o
    0x08001f1a   0x08001f1a   0x00000002   Code   RO         2109    i.HAL_TIM_IC_CaptureCallback  stm32f1xx_hal_tim.o
    0x08001f1c   0x08001f1c   0x00000166   Code   RO         2123    i.HAL_TIM_IRQHandler  stm32f1xx_hal_tim.o
    0x08002082   0x08002082   0x00000002   PAD
    0x08002084   0x08002084   0x0000007c   Code   RO          382    i.HAL_TIM_MspPostInit  stm32f1xx_hal_msp.o
    0x08002100   0x08002100   0x00000002   Code   RO         2126    i.HAL_TIM_OC_DelayElapsedCallback  stm32f1xx_hal_tim.o
    0x08002102   0x08002102   0x000000c6   Code   RO         2147    i.HAL_TIM_PWM_ConfigChannel  stm32f1xx_hal_tim.o
    0x080021c8   0x080021c8   0x0000005a   Code   RO         2150    i.HAL_TIM_PWM_Init  stm32f1xx_hal_tim.o
    0x08002222   0x08002222   0x00000002   Code   RO         2152    i.HAL_TIM_PWM_MspInit  stm32f1xx_hal_tim.o
    0x08002224   0x08002224   0x00000002   Code   RO         2153    i.HAL_TIM_PWM_PulseFinishedCallback  stm32f1xx_hal_tim.o
    0x08002226   0x08002226   0x00000002   PAD
    0x08002228   0x08002228   0x000000a0   Code   RO         2155    i.HAL_TIM_PWM_Start  stm32f1xx_hal_tim.o
    0x080022c8   0x080022c8   0x00000034   Code   RO           15    i.HAL_TIM_PeriodElapsedCallback  main.o
    0x080022fc   0x080022fc   0x00000002   Code   RO         2166    i.HAL_TIM_TriggerCallback  stm32f1xx_hal_tim.o
    0x080022fe   0x080022fe   0x00000002   Code   RO         3057    i.HAL_UARTEx_RxEventCallback  stm32f1xx_hal_uart.o
    0x08002300   0x08002300   0x00000002   Code   RO         3071    i.HAL_UART_ErrorCallback  stm32f1xx_hal_uart.o
    0x08002302   0x08002302   0x00000002   PAD
    0x08002304   0x08002304   0x0000020c   Code   RO         3074    i.HAL_UART_IRQHandler  stm32f1xx_hal_uart.o
    0x08002510   0x08002510   0x00000062   Code   RO         3075    i.HAL_UART_Init     stm32f1xx_hal_uart.o
    0x08002572   0x08002572   0x00000002   PAD
    0x08002574   0x08002574   0x000000e4   Code   RO          384    i.HAL_UART_MspInit  stm32f1xx_hal_msp.o
    0x08002658   0x08002658   0x00000002   Code   RO         3081    i.HAL_UART_RxCpltCallback  stm32f1xx_hal_uart.o
    0x0800265a   0x0800265a   0x00000002   Code   RO         3086    i.HAL_UART_TxCpltCallback  stm32f1xx_hal_uart.o
    0x0800265c   0x0800265c   0x00000002   Code   RO          261    i.HardFault_Handler  stm32f1xx_it.o
    0x0800265e   0x0800265e   0x00000002   PAD
    0x08002660   0x08002660   0x00000010   Code   RO           16    i.LED_OFF           main.o
    0x08002670   0x08002670   0x00000010   Code   RO           17    i.LED_ON            main.o
    0x08002680   0x08002680   0x0000004c   Code   RO           18    i.MX_ADC1_Init      main.o
    0x080026cc   0x080026cc   0x00000124   Code   RO           19    i.MX_GPIO_Init      main.o
    0x080027f0   0x080027f0   0x00000048   Code   RO           20    i.MX_SPI1_Init      main.o
    0x08002838   0x08002838   0x00000044   Code   RO           21    i.MX_SPI2_Init      main.o
    0x0800287c   0x0800287c   0x00000064   Code   RO           22    i.MX_TIM1_Init      main.o
    0x080028e0   0x080028e0   0x0000005c   Code   RO           23    i.MX_TIM2_Init      main.o
    0x0800293c   0x0800293c   0x00000098   Code   RO           24    i.MX_TIM3_Init      main.o
    0x080029d4   0x080029d4   0x000000b4   Code   RO           25    i.MX_TIM4_Init      main.o
    0x08002a88   0x08002a88   0x00000002   Code   RO          262    i.MemManage_Handler  stm32f1xx_it.o
    0x08002a8a   0x08002a8a   0x00000002   Code   RO          263    i.NMI_Handler       stm32f1xx_it.o
    0x08002a8c   0x08002a8c   0x00000160   Code   RO         4188    i.PID_Compute       pid.o
    0x08002bec   0x08002bec   0x00000002   Code   RO          264    i.PendSV_Handler    stm32f1xx_it.o
    0x08002bee   0x08002bee   0x00000002   PAD
    0x08002bf0   0x08002bf0   0x000000c0   Code   RO         4006    i.Rotate            bldc_control.o
    0x08002cb0   0x08002cb0   0x00000020   Code   RO         1800    i.SPI_EndRxTxTransaction  stm32f1xx_hal_spi.o
    0x08002cd0   0x08002cd0   0x000000b8   Code   RO         1805    i.SPI_WaitFlagStateUntilTimeout  stm32f1xx_hal_spi.o
    0x08002d88   0x08002d88   0x00000002   Code   RO          265    i.SVC_Handler       stm32f1xx_it.o
    0x08002d8a   0x08002d8a   0x00000002   PAD
    0x08002d8c   0x08002d8c   0x000000f4   Code   RO         4007    i.SVPWMcalc         bldc_control.o
    0x08002e80   0x08002e80   0x00000004   Code   RO          266    i.SysTick_Handler   stm32f1xx_it.o
    0x08002e84   0x08002e84   0x00000070   Code   RO           26    i.SystemClock_Config  main.o
    0x08002ef4   0x08002ef4   0x00000002   Code   RO         3857    i.SystemInit        system_stm32f1xx.o
    0x08002ef6   0x08002ef6   0x00000002   PAD
    0x08002ef8   0x08002ef8   0x0000000c   Code   RO          267    i.TIM1_UP_IRQHandler  stm32f1xx_it.o
    0x08002f04   0x08002f04   0x0000000c   Code   RO          268    i.TIM2_IRQHandler   stm32f1xx_it.o
    0x08002f10   0x08002f10   0x0000006c   Code   RO         2168    i.TIM_Base_SetConfig  stm32f1xx_hal_tim.o
    0x08002f7c   0x08002f7c   0x0000001a   Code   RO         2169    i.TIM_CCxChannelCmd  stm32f1xx_hal_tim.o
    0x08002f96   0x08002f96   0x00000014   Code   RO         2179    i.TIM_ETR_SetConfig  stm32f1xx_hal_tim.o
    0x08002faa   0x08002faa   0x00000010   Code   RO         2180    i.TIM_ITRx_SetConfig  stm32f1xx_hal_tim.o
    0x08002fba   0x08002fba   0x00000002   PAD
    0x08002fbc   0x08002fbc   0x00000058   Code   RO         2181    i.TIM_OC1_SetConfig  stm32f1xx_hal_tim.o
    0x08003014   0x08003014   0x0000005c   Code   RO         2182    i.TIM_OC2_SetConfig  stm32f1xx_hal_tim.o
    0x08003070   0x08003070   0x00000058   Code   RO         2183    i.TIM_OC3_SetConfig  stm32f1xx_hal_tim.o
    0x080030c8   0x080030c8   0x00000044   Code   RO         2184    i.TIM_OC4_SetConfig  stm32f1xx_hal_tim.o
    0x0800310c   0x0800310c   0x00000022   Code   RO         2186    i.TIM_TI1_ConfigInputStage  stm32f1xx_hal_tim.o
    0x0800312e   0x0800312e   0x00000024   Code   RO         2188    i.TIM_TI2_ConfigInputStage  stm32f1xx_hal_tim.o
    0x08003152   0x08003152   0x00000010   Code   RO         3088    i.UART_DMAAbortOnError  stm32f1xx_hal_uart.o
    0x08003162   0x08003162   0x00000030   Code   RO         3098    i.UART_EndRxTransfer  stm32f1xx_hal_uart.o
    0x08003192   0x08003192   0x000000b6   Code   RO         3100    i.UART_Receive_IT   stm32f1xx_hal_uart.o
    0x08003248   0x08003248   0x000000b8   Code   RO         3101    i.UART_SetConfig    stm32f1xx_hal_uart.o
    0x08003300   0x08003300   0x0000000c   Code   RO          269    i.USART1_IRQHandler  stm32f1xx_it.o
    0x0800330c   0x0800330c   0x00000004   Code   RO         3679    i.USB_CoreInit      stm32f1xx_ll_usb.o
    0x08003310   0x08003310   0x00000004   Code   RO         3683    i.USB_DevDisconnect  stm32f1xx_ll_usb.o
    0x08003314   0x08003314   0x00000012   Code   RO         3684    i.USB_DevInit       stm32f1xx_ll_usb.o
    0x08003326   0x08003326   0x0000000e   Code   RO         3685    i.USB_DisableGlobalInt  stm32f1xx_ll_usb.o
    0x08003334   0x08003334   0x00000004   Code   RO         3699    i.USB_SetCurrentMode  stm32f1xx_ll_usb.o
    0x08003338   0x08003338   0x00000002   Code   RO          270    i.UsageFault_Handler  stm32f1xx_it.o
    0x0800333a   0x0800333a   0x00000020   Code   RO         1264    i.__NVIC_SetPriority  stm32f1xx_hal_cortex.o
    0x0800335a   0x0800335a   0x0000000e   Code   RO         3906    i.delayCycle        as5047d.o
    0x08003368   0x08003368   0x00000130   Code   RO           27    i.main              main.o
    0x08003498   0x08003498   0x00000012   Code   RO         3907    i.parity            as5047d.o
    0x080034aa   0x080034aa   0x00000002   PAD
    0x080034ac   0x080034ac   0x00000062   Code   RO         4253    x$fpl$d2f           fz_ws.l(d2f.o)
    0x0800350e   0x0800350e   0x00000002   PAD
    0x08003510   0x08003510   0x00000150   Code   RO         4255    x$fpl$dadd          fz_ws.l(daddsub_clz.o)
    0x08003660   0x08003660   0x00000010   Code   RO         4317    x$fpl$dcheck1       fz_ws.l(dcheck1.o)
    0x08003670   0x08003670   0x000002b0   Code   RO         4262    x$fpl$ddiv          fz_ws.l(ddiv.o)
    0x08003920   0x08003920   0x00000026   Code   RO         4265    x$fpl$dfltu         fz_ws.l(dflt_clz.o)
    0x08003946   0x08003946   0x00000002   PAD
    0x08003948   0x08003948   0x00000154   Code   RO         4271    x$fpl$dmul          fz_ws.l(dmul.o)
    0x08003a9c   0x08003a9c   0x0000009c   Code   RO         4319    x$fpl$dnaninf       fz_ws.l(dnaninf.o)
    0x08003b38   0x08003b38   0x0000000c   Code   RO         4321    x$fpl$dretinf       fz_ws.l(dretinf.o)
    0x08003b44   0x08003b44   0x000001d4   Code   RO         4257    x$fpl$dsub          fz_ws.l(daddsub_clz.o)
    0x08003d18   0x08003d18   0x00000056   Code   RO         4273    x$fpl$f2d           fz_ws.l(f2d.o)
    0x08003d6e   0x08003d6e   0x00000002   PAD
    0x08003d70   0x08003d70   0x000000c4   Code   RO         4275    x$fpl$fadd          fz_ws.l(faddsub_clz.o)
    0x08003e34   0x08003e34   0x0000000c   Code   RO         4323    x$fpl$fcheck1       fz_ws.l(fcheck1.o)
    0x08003e40   0x08003e40   0x00000018   Code   RO         4325    x$fpl$fcmpinf       fz_ws.l(fcmpi.o)
    0x08003e58   0x08003e58   0x00000184   Code   RO         4282    x$fpl$fdiv          fz_ws.l(fdiv.o)
    0x08003fdc   0x08003fdc   0x00000036   Code   RO         4285    x$fpl$ffix          fz_ws.l(ffix.o)
    0x08004012   0x08004012   0x00000002   PAD
    0x08004014   0x08004014   0x00000030   Code   RO         4294    x$fpl$fflt          fz_ws.l(fflt_clz.o)
    0x08004044   0x08004044   0x00000026   Code   RO         4293    x$fpl$ffltu         fz_ws.l(fflt_clz.o)
    0x0800406a   0x0800406a   0x00000002   PAD
    0x0800406c   0x0800406c   0x00000068   Code   RO         4299    x$fpl$fleqf         fz_ws.l(fleqf.o)
    0x080040d4   0x080040d4   0x00000102   Code   RO         4301    x$fpl$fmul          fz_ws.l(fmul.o)
    0x080041d6   0x080041d6   0x0000008c   Code   RO         4327    x$fpl$fnaninf       fz_ws.l(fnaninf.o)
    0x08004262   0x08004262   0x0000000a   Code   RO         4329    x$fpl$fretinf       fz_ws.l(fretinf.o)
    0x0800426c   0x0800426c   0x00000062   Code   RO         4303    x$fpl$frleqf        fz_ws.l(frleqf.o)
    0x080042ce   0x080042ce   0x00000014   Code   RO         4276    x$fpl$frsb          fz_ws.l(faddsub_clz.o)
    0x080042e2   0x080042e2   0x00000002   PAD
    0x080042e4   0x080042e4   0x000000ea   Code   RO         4277    x$fpl$fsub          fz_ws.l(faddsub_clz.o)
    0x080043ce   0x080043ce   0x00000064   Code   RO         4349    x$fpl$retnan        fz_ws.l(retnan.o)
    0x08004432   0x08004432   0x0000005c   Code   RO         4305    x$fpl$scalbn        fz_ws.l(scalbn.o)
    0x0800448e   0x0800448e   0x0000004c   Code   RO         4307    x$fpl$scalbnf       fz_ws.l(scalbnf.o)
    0x080044da   0x080044da   0x00000030   Code   RO         4361    x$fpl$trapveneer    fz_ws.l(trapv.o)
    0x0800450a   0x0800450a   0x00000000   Code   RO         4331    x$fpl$usenofp       fz_ws.l(usenofp.o)
    0x0800450a   0x0800450a   0x00000010   Data   RO         3858    .constdata          system_stm32f1xx.o
    0x0800451a   0x0800451a   0x00000008   Data   RO         3859    .constdata          system_stm32f1xx.o
    0x08004522   0x08004522   0x00000002   PAD
    0x08004524   0x08004524   0x00000020   Data   RO         4492    Region$$Table       anon$$obj.o


    Execution Region RW_IRAM1 (Exec base: 0x20000000, Load base: 0x08004544, Size: 0x00000d28, Max: 0x00005000, ABSOLUTE)

    Exec Addr    Load Addr    Size         Type   Attr      Idx    E Section Name        Object

    0x20000000   0x08004544   0x00000004   Data   RW           36    .data               main.o
    0x20000004   0x08004548   0x0000000c   Data   RW          801    .data               stm32f1xx_hal.o
    0x20000010   0x08004554   0x00000004   Data   RW         3860    .data               system_stm32f1xx.o
    0x20000014   0x08004558   0x00000006   Data   RW         3908    .data               as5047d.o
    0x2000001a   0x0800455e   0x00000002   PAD
    0x2000001c        -       0x000005e0   Zero   RW           28    .bss                main.o
    0x200005fc        -       0x00000044   Zero   RW           32    .bss                main.o
    0x20000640        -       0x00000044   Zero   RW           33    .bss                main.o
    0x20000684        -       0x00000044   Zero   RW           34    .bss                main.o
    0x200006c8        -       0x00000060   Zero   RW         4364    .bss                c_w.l(libspace.o)
    0x20000728        -       0x00000200   Zero   RW            2    HEAP                startup_stm32f103xb.o
    0x20000928        -       0x00000400   Zero   RW            1    STACK               startup_stm32f103xb.o


==============================================================================

Image component sizes


      Code (inc. data)   RO Data    RW Data    ZI Data      Debug   Object Name

       508         24          0          6          0       5242   as5047d.o
      1008         46          0          0          0       4315   bldc_control.o
        30          0          0          0          0       1163   flash.o
      1740        176          0          4       1708     477702   main.o
       352         20          0          0          0        934   pid.o
        64         26        236          0       1536        800   startup_stm32f103xb.o
       164         28          0         12          0       5805   stm32f1xx_hal.o
       854         26          0          0          0       5131   stm32f1xx_hal_adc.o
         2          0          0          0          0       1061   stm32f1xx_hal_adc_ex.o
       198         14          0          0          0      28839   stm32f1xx_hal_cortex.o
       658         36          0          0          0       3331   stm32f1xx_hal_dma.o
        20          6          0          0          0        513   stm32f1xx_hal_flash.o
       486         34          0          0          0       3413   stm32f1xx_hal_gpio.o
       968        126          0          0          0       5274   stm32f1xx_hal_msp.o
       216          0          0          0          0       1524   stm32f1xx_hal_pcd.o
      1276        100          0          0          0       5272   stm32f1xx_hal_rcc.o
       232         12          0          0          0       1420   stm32f1xx_hal_rcc_ex.o
       874          4          0          0          0       5184   stm32f1xx_hal_spi.o
      1784         58          0          0          0      16226   stm32f1xx_hal_tim.o
       108         12          0          0          0       2409   stm32f1xx_hal_tim_ex.o
      1060         10          0          0          0       7604   stm32f1xx_hal_uart.o
       104         42          0          0          0       6626   stm32f1xx_it.o
        44          0          0          0          0       3368   stm32f1xx_ll_usb.o
         2          0         24          4          0       1063   system_stm32f1xx.o

    ----------------------------------------------------------------------
     12792        800        294         28       3244     594219   Object Totals
         0          0         32          0          0          0   (incl. Generated)
        40          0          2          2          0          0   (incl. Padding)

    ----------------------------------------------------------------------

      Code (inc. data)   RO Data    RW Data    ZI Data      Debug   Library Member Name

         8          0          0          0          0         68   __main.o
         0          0          0          0          0          0   __rtentry.o
        12          0          0          0          0          0   __rtentry2.o
         6          0          0          0          0          0   __rtentry4.o
        52          8          0          0          0          0   __scatter.o
        26          0          0          0          0          0   __scatter_copy.o
        28          0          0          0          0          0   __scatter_zi.o
        18          0          0          0          0         80   exit.o
         6          0          0          0          0        152   heapauxi.o
         0          0          0          0          0          0   indicate_semi.o
         2          0          0          0          0          0   libinit.o
         2          0          0          0          0          0   libinit2.o
         2          0          0          0          0          0   libshutdown.o
         2          0          0          0          0          0   libshutdown2.o
         8          4          0          0         96         68   libspace.o
        78          0          0          0          0         80   rt_memclr_w.o
       100          0          0          0          0         80   rt_memcpy_w.o
         2          0          0          0          0          0   rtexit.o
        10          0          0          0          0          0   rtexit2.o
        12          4          0          0          0         68   sys_exit.o
        74          0          0          0          0         80   sys_stackheap_outer.o
         2          0          0          0          0         68   use_no_semi.o
        98          4          0          0          0         92   d2f.o
       804         16          0          0          0        272   daddsub_clz.o
        16          4          0          0          0         68   dcheck1.o
       688        140          0          0          0        208   ddiv.o
        38          0          0          0          0         68   dflt_clz.o
       340         12          0          0          0        104   dmul.o
       156          4          0          0          0         92   dnaninf.o
        12          0          0          0          0         68   dretinf.o
        86          4          0          0          0         84   f2d.o
       450          8          0          0          0        236   faddsub_clz.o
        12          4          0          0          0         68   fcheck1.o
        24          0          0          0          0         68   fcmpi.o
       388         76          0          0          0         96   fdiv.o
        54          4          0          0          0         84   ffix.o
        86          0          0          0          0        136   fflt_clz.o
       104          4          0          0          0         84   fleqf.o
       258          4          0          0          0         84   fmul.o
       140          4          0          0          0         84   fnaninf.o
        10          0          0          0          0         68   fretinf.o
        98          0          0          0          0         68   frleqf.o
       100          0          0          0          0         68   retnan.o
        92          0          0          0          0         68   scalbn.o
        76          0          0          0          0         68   scalbnf.o
        48          0          0          0          0         68   trapv.o
         0          0          0          0          0          0   usenofp.o

    ----------------------------------------------------------------------
      4646        304          0          0         96       3148   Library Totals
        18          0          0          0          0          0   (incl. Padding)

    ----------------------------------------------------------------------

      Code (inc. data)   RO Data    RW Data    ZI Data      Debug   Library Name

       450         16          0          0         96        744   c_w.l
      4178        288          0          0          0       2404   fz_ws.l

    ----------------------------------------------------------------------
      4646        304          0          0         96       3148   Library Totals

    ----------------------------------------------------------------------

==============================================================================


      Code (inc. data)   RO Data    RW Data    ZI Data      Debug   

     17438       1104        294         28       3340     589095   Grand Totals
     17438       1104        294         28       3340     589095   ELF Image Totals
     17438       1104        294         28          0          0   ROM Totals

==============================================================================

    Total RO  Size (Code + RO Data)                17732 (  17.32kB)
    Total RW  Size (RW Data + ZI Data)              3368 (   3.29kB)
    Total ROM Size (Code + RO Data + RW Data)      17760 (  17.34kB)

==============================================================================

